Java HotSpot(TM) 64-Bit Server VM (25.181-b13) for bsd-amd64 JRE (1.8.0_181-b13), built on Jul  7 2018 01:02:31 by "java_re" with gcc 4.2.1 (Based on Apple Inc. build 5658) (LLVM build 2336.11.00)
Memory: 4k page, physical 16777216k(3809100k free)

/proc/meminfo:

CommandLine flags: -XX:InitialHeapSize=52428800 -XX:MaxHeapSize=52428800 -XX:+PrintGC -XX:+PrintGCDateStamps -XX:+PrintGCDetails -XX:+PrintGCTimeStamps -XX:+UseCompressedClassPointers -XX:+UseCompressedOops -XX:+UseParallelGC 
2019-09-17T08:50:25.228-0530: 1.398: [GC (Allocation Failure) [PSYoungGen: 12800K->1872K(14848K)] 12800K->1880K(49152K), 0.0024087 secs] [Times: user=0.01 sys=0.00, real=0.01 secs] 
2019-09-17T08:50:27.112-0530: 3.283: [GC (Allocation Failure) [PSYoungGen: 14672K->2022K(14848K)] 14680K->3558K(49152K), 0.0037261 secs] [Times: user=0.02 sys=0.01, real=0.00 secs] 
2019-09-17T08:50:28.891-0530: 5.062: [GC (Allocation Failure) [PSYoungGen: 14822K->2018K(14848K)] 16358K->5354K(49152K), 0.0034603 secs] [Times: user=0.01 sys=0.00, real=0.00 secs] 
2019-09-17T08:50:30.661-0530: 6.832: [GC (Allocation Failure) [PSYoungGen: 14818K->2043K(14848K)] 18154K->7483K(49152K), 0.0040165 secs] [Times: user=0.02 sys=0.00, real=0.00 secs] 
2019-09-17T08:50:32.550-0530: 8.720: [GC (Allocation Failure) [PSYoungGen: 14843K->2025K(14848K)] 20283K->9377K(49152K), 0.0038733 secs] [Times: user=0.02 sys=0.01, real=0.00 secs] 
2019-09-17T08:50:34.454-0530: 10.625: [GC (Allocation Failure) [PSYoungGen: 14825K->2041K(7680K)] 22177K->11241K(41984K), 0.0035128 secs] [Times: user=0.02 sys=0.00, real=0.00 secs] 
2019-09-17T08:50:35.299-0530: 11.470: [GC (Allocation Failure) [PSYoungGen: 7673K->2617K(8704K)] 16873K->12225K(43008K), 0.0024884 secs] [Times: user=0.01 sys=0.00, real=0.01 secs] 
2019-09-17T08:50:36.131-0530: 12.302: [GC (Allocation Failure) [PSYoungGen: 8249K->3289K(10752K)] 17857K->13065K(45056K), 0.0026666 secs] [Times: user=0.01 sys=0.00, real=0.00 secs] 
2019-09-17T08:50:36.938-0530: 13.109: [GC (Allocation Failure) [PSYoungGen: 8921K->2741K(10752K)] 18697K->13941K(45056K), 0.0037845 secs] [Times: user=0.02 sys=0.00, real=0.01 secs] 
2019-09-17T08:50:37.791-0530: 13.962: [GC (Allocation Failure) [PSYoungGen: 8373K->2069K(10752K)] 19573K->14917K(45056K), 0.0033186 secs] [Times: user=0.02 sys=0.01, real=0.00 secs] 
2019-09-17T08:50:38.611-0530: 14.782: [GC (Allocation Failure) [PSYoungGen: 7701K->928K(10752K)] 20549K->15685K(45056K), 0.0020226 secs] [Times: user=0.01 sys=0.00, real=0.00 secs] 
2019-09-17T08:50:39.456-0530: 15.627: [GC (Allocation Failure) [PSYoungGen: 6560K->960K(11264K)] 21317K->16565K(45568K), 0.0029540 secs] [Times: user=0.02 sys=0.01, real=0.00 secs] 
2019-09-17T08:50:40.300-0530: 16.471: [GC (Allocation Failure) [PSYoungGen: 6592K->960K(11264K)] 22197K->17405K(45568K), 0.0029659 secs] [Times: user=0.02 sys=0.00, real=0.00 secs] 
2019-09-17T08:50:41.141-0530: 17.312: [GC (Allocation Failure) [PSYoungGen: 6592K->960K(11264K)] 23037K->18237K(45568K), 0.0028029 secs] [Times: user=0.01 sys=0.01, real=0.00 secs] 
2019-09-17T08:50:41.953-0530: 18.124: [GC (Allocation Failure) [PSYoungGen: 6592K->864K(11264K)] 23869K->18973K(45568K), 0.0019989 secs] [Times: user=0.01 sys=0.01, real=0.00 secs] 
2019-09-17T08:50:42.694-0530: 18.865: [GC (Allocation Failure) [PSYoungGen: 6496K->1248K(11264K)] 24605K->20214K(45568K), 0.0015873 secs] [Times: user=0.01 sys=0.00, real=0.00 secs] 
2019-09-17T08:50:43.494-0530: 19.665: [GC (Allocation Failure) [PSYoungGen: 6880K->928K(6656K)] 25846K->21102K(40960K), 0.0028503 secs] [Times: user=0.01 sys=0.00, real=0.00 secs] 
2019-09-17T08:50:44.303-0530: 20.474: [GC (Allocation Failure) [PSYoungGen: 6560K->960K(10752K)] 26734K->21974K(45056K), 0.0027880 secs] [Times: user=0.02 sys=0.00, real=0.00 secs] 
2019-09-17T08:50:45.114-0530: 21.286: [GC (Allocation Failure) [PSYoungGen: 6592K->928K(10752K)] 27606K->22782K(45056K), 0.0032720 secs] [Times: user=0.02 sys=0.00, real=0.00 secs] 
2019-09-17T08:50:45.897-0530: 22.068: [GC (Allocation Failure) [PSYoungGen: 6560K->928K(10752K)] 28414K->23622K(45056K), 0.0033461 secs] [Times: user=0.02 sys=0.00, real=0.01 secs] 
2019-09-17T08:50:46.700-0530: 22.871: [GC (Allocation Failure) [PSYoungGen: 6560K->960K(6656K)] 29254K->24494K(40960K), 0.0031511 secs] [Times: user=0.02 sys=0.00, real=0.00 secs] 
2019-09-17T08:50:47.534-0530: 23.705: [GC (Allocation Failure) [PSYoungGen: 6592K->960K(10240K)] 30126K->25350K(44544K), 0.0024622 secs] [Times: user=0.01 sys=0.00, real=0.00 secs] 
2019-09-17T08:50:48.366-0530: 24.537: [GC (Allocation Failure) [PSYoungGen: 6592K->992K(10240K)] 30982K->26222K(44544K), 0.0032530 secs] [Times: user=0.02 sys=0.00, real=0.00 secs] 
2019-09-17T08:50:49.160-0530: 25.331: [GC (Allocation Failure) [PSYoungGen: 6624K->992K(9216K)] 31854K->27078K(43520K), 0.0028141 secs] [Times: user=0.02 sys=0.00, real=0.00 secs] 
2019-09-17T08:50:49.951-0530: 26.122: [GC (Allocation Failure) [PSYoungGen: 6624K->960K(9728K)] 32710K->27886K(44032K), 0.0024942 secs] [Times: user=0.02 sys=0.00, real=0.00 secs] 
2019-09-17T08:50:50.759-0530: 26.931: [GC (Allocation Failure) [PSYoungGen: 6592K->960K(9728K)] 33518K->28734K(44032K), 0.0030634 secs] [Times: user=0.02 sys=0.00, real=0.01 secs] 
2019-09-17T08:50:51.496-0530: 27.667: [GC (Allocation Failure) [PSYoungGen: 6592K->1521K(7168K)] 34366K->30136K(41472K), 0.0025356 secs] [Times: user=0.01 sys=0.00, real=0.00 secs] 
2019-09-17T08:50:52.326-0530: 28.497: [GC (Allocation Failure) [PSYoungGen: 7153K->1024K(9216K)] 35768K->31016K(43520K), 0.0030215 secs] [Times: user=0.01 sys=0.00, real=0.00 secs] 
2019-09-17T08:50:53.133-0530: 29.305: [GC (Allocation Failure) [PSYoungGen: 6656K->928K(9216K)] 36648K->31776K(43520K), 0.0025364 secs] [Times: user=0.02 sys=0.00, real=0.00 secs] 
2019-09-17T08:50:53.937-0530: 30.108: [GC (Allocation Failure) [PSYoungGen: 6560K->896K(9216K)] 37408K->32576K(43520K), 0.0018585 secs] [Times: user=0.01 sys=0.00, real=0.00 secs] 
2019-09-17T08:50:54.727-0530: 30.898: [GC (Allocation Failure) [PSYoungGen: 6528K->928K(6656K)] 38208K->33472K(40960K), 0.0020504 secs] [Times: user=0.01 sys=0.00, real=0.00 secs] 
2019-09-17T08:50:55.515-0530: 31.686: [GC (Allocation Failure) [PSYoungGen: 6560K->992K(8704K)] 39104K->34388K(43008K), 0.0024760 secs] [Times: user=0.01 sys=0.00, real=0.00 secs] 
2019-09-17T08:50:55.517-0530: 31.689: [Full GC (Ergonomics) [PSYoungGen: 992K->0K(8704K)] [ParOldGen: 33396K->32249K(34304K)] 34388K->32249K(43008K), [Metaspace: 3534K->3534K(1056768K)], 0.1176875 secs] [Times: user=0.78 sys=0.01, real=0.12 secs] 
2019-09-17T08:50:56.442-0530: 32.613: [GC (Allocation Failure) [PSYoungGen: 5632K->896K(8704K)] 37881K->33145K(43008K), 0.0023409 secs] [Times: user=0.01 sys=0.00, real=0.00 secs] 
2019-09-17T08:50:57.234-0530: 33.405: [GC (Allocation Failure) [PSYoungGen: 6528K->1760K(8704K)] 38777K->34009K(43008K), 0.0019735 secs] [Times: user=0.01 sys=0.00, real=0.00 secs] 
2019-09-17T08:50:58.029-0530: 34.201: [GC (Allocation Failure) [PSYoungGen: 7392K->2592K(8704K)] 39641K->34841K(43008K), 0.0084785 secs] [Times: user=0.03 sys=0.00, real=0.01 secs] 
2019-09-17T08:50:58.843-0530: 35.015: [GC (Allocation Failure) [PSYoungGen: 8224K->3360K(8704K)] 40473K->35609K(43008K), 0.0047708 secs] [Times: user=0.03 sys=0.00, real=0.00 secs] 
2019-09-17T08:50:59.558-0530: 35.729: [GC (Allocation Failure) [PSYoungGen: 8480K->3296K(9216K)] 40729K->36385K(43520K), 0.0039821 secs] [Times: user=0.02 sys=0.00, real=0.01 secs] 
2019-09-17T08:50:59.562-0530: 35.734: [Full GC (Ergonomics) [PSYoungGen: 3296K->2142K(9216K)] [ParOldGen: 33089K->34021K(34304K)] 36385K->36163K(43520K), [Metaspace: 3534K->3534K(1056768K)], 0.0943514 secs] [Times: user=0.55 sys=0.02, real=0.09 secs] 
2019-09-17T08:51:00.362-0530: 36.534: [Full GC (Ergonomics) [PSYoungGen: 7262K->2654K(9216K)] [ParOldGen: 34021K->34243K(34304K)] 41283K->36897K(43520K), [Metaspace: 3534K->3534K(1056768K)], 0.0483435 secs] [Times: user=0.33 sys=0.00, real=0.05 secs] 
2019-09-17T08:51:00.750-0530: 36.921: [Full GC (Ergonomics) [PSYoungGen: 5120K->3007K(9216K)] [ParOldGen: 34243K->34243K(34304K)] 39363K->37250K(43520K), [Metaspace: 3534K->3534K(1056768K)], 0.0483662 secs] [Times: user=0.34 sys=0.00, real=0.04 secs] 
2019-09-17T08:51:01.087-0530: 37.258: [Full GC (Ergonomics) [PSYoungGen: 5120K->3308K(9216K)] [ParOldGen: 34243K->34243K(34304K)] 39363K->37551K(43520K), [Metaspace: 3534K->3534K(1056768K)], 0.0455015 secs] [Times: user=0.32 sys=0.00, real=0.05 secs] 
2019-09-17T08:51:01.387-0530: 37.558: [Full GC (Ergonomics) [PSYoungGen: 5120K->3568K(9216K)] [ParOldGen: 34243K->34243K(34304K)] 39363K->37811K(43520K), [Metaspace: 3534K->3534K(1056768K)], 0.0452989 secs] [Times: user=0.31 sys=0.00, real=0.05 secs] 
2019-09-17T08:51:01.651-0530: 37.822: [Full GC (Ergonomics) [PSYoungGen: 5120K->3788K(9216K)] [ParOldGen: 34243K->34243K(34304K)] 39363K->38031K(43520K), [Metaspace: 3534K->3534K(1056768K)], 0.0456091 secs] [Times: user=0.32 sys=0.01, real=0.04 secs] 
2019-09-17T08:51:01.875-0530: 38.047: [Full GC (Ergonomics) [PSYoungGen: 5120K->3977K(9216K)] [ParOldGen: 34243K->34243K(34304K)] 39363K->38220K(43520K), [Metaspace: 3534K->3534K(1056768K)], 0.0449463 secs] [Times: user=0.28 sys=0.00, real=0.05 secs] 
2019-09-17T08:51:02.077-0530: 38.249: [Full GC (Ergonomics) [PSYoungGen: 5120K->4142K(9216K)] [ParOldGen: 34243K->34243K(34304K)] 39363K->38385K(43520K), [Metaspace: 3534K->3534K(1056768K)], 0.0454818 secs] [Times: user=0.33 sys=0.00, real=0.05 secs] 
2019-09-17T08:51:02.262-0530: 38.434: [Full GC (Ergonomics) [PSYoungGen: 5120K->4281K(9216K)] [ParOldGen: 34243K->34243K(34304K)] 39363K->38524K(43520K), [Metaspace: 3534K->3534K(1056768K)], 0.0452580 secs] [Times: user=0.33 sys=0.00, real=0.04 secs] 
2019-09-17T08:51:02.425-0530: 38.596: [Full GC (Ergonomics) [PSYoungGen: 5120K->4400K(9216K)] [ParOldGen: 34243K->34243K(34304K)] 39363K->38643K(43520K), [Metaspace: 3534K->3534K(1056768K)], 0.0468562 secs] [Times: user=0.34 sys=0.01, real=0.05 secs] 
2019-09-17T08:51:02.573-0530: 38.744: [Full GC (Ergonomics) [PSYoungGen: 5120K->4502K(9216K)] [ParOldGen: 34243K->34243K(34304K)] 39363K->38745K(43520K), [Metaspace: 3534K->3534K(1056768K)], 0.0470824 secs] [Times: user=0.34 sys=0.00, real=0.05 secs] 
2019-09-17T08:51:02.704-0530: 38.876: [Full GC (Ergonomics) [PSYoungGen: 5120K->4590K(9216K)] [ParOldGen: 34243K->34243K(34304K)] 39363K->38833K(43520K), [Metaspace: 3534K->3534K(1056768K)], 0.0467266 secs] [Times: user=0.34 sys=0.00, real=0.05 secs] 
2019-09-17T08:51:02.823-0530: 38.995: [Full GC (Ergonomics) [PSYoungGen: 5120K->4665K(9216K)] [ParOldGen: 34243K->34243K(34304K)] 39363K->38908K(43520K), [Metaspace: 3534K->3534K(1056768K)], 0.0471362 secs] [Times: user=0.34 sys=0.00, real=0.05 secs] 
2019-09-17T08:51:02.933-0530: 39.104: [Full GC (Ergonomics) [PSYoungGen: 5120K->4729K(9216K)] [ParOldGen: 34243K->34243K(34304K)] 39363K->38972K(43520K), [Metaspace: 3534K->3534K(1056768K)], 0.0467499 secs] [Times: user=0.34 sys=0.00, real=0.05 secs] 
2019-09-17T08:51:03.033-0530: 39.204: [Full GC (Ergonomics) [PSYoungGen: 5120K->4784K(9216K)] [ParOldGen: 34243K->34243K(34304K)] 39363K->39027K(43520K), [Metaspace: 3534K->3534K(1056768K)], 0.0481172 secs] [Times: user=0.35 sys=0.00, real=0.05 secs] 
2019-09-17T08:51:03.127-0530: 39.299: [Full GC (Ergonomics) [PSYoungGen: 5120K->4832K(9216K)] [ParOldGen: 34243K->34243K(34304K)] 39363K->39075K(43520K), [Metaspace: 3534K->3534K(1056768K)], 0.0471985 secs] [Times: user=0.34 sys=0.01, real=0.05 secs] 
2019-09-17T08:51:03.215-0530: 39.387: [Full GC (Ergonomics) [PSYoungGen: 5120K->4871K(9216K)] [ParOldGen: 34243K->34243K(34304K)] 39363K->39114K(43520K), [Metaspace: 3534K->3534K(1056768K)], 0.0460516 secs] [Times: user=0.33 sys=0.00, real=0.05 secs] 
2019-09-17T08:51:03.294-0530: 39.466: [Full GC (Ergonomics) [PSYoungGen: 5120K->4907K(9216K)] [ParOldGen: 34243K->34243K(34304K)] 39363K->39150K(43520K), [Metaspace: 3534K->3534K(1056768K)], 0.0465644 secs] [Times: user=0.29 sys=0.00, real=0.05 secs] 
2019-09-17T08:51:03.365-0530: 39.537: [Full GC (Ergonomics) [PSYoungGen: 5120K->4936K(9216K)] [ParOldGen: 34243K->34243K(34304K)] 39363K->39179K(43520K), [Metaspace: 3534K->3534K(1056768K)], 0.0464674 secs] [Times: user=0.28 sys=0.00, real=0.05 secs] 
2019-09-17T08:51:03.435-0530: 39.606: [Full GC (Ergonomics) [PSYoungGen: 5120K->4960K(9216K)] [ParOldGen: 34243K->34243K(34304K)] 39363K->39203K(43520K), [Metaspace: 3534K->3534K(1056768K)], 0.0478156 secs] [Times: user=0.29 sys=0.00, real=0.05 secs] 
2019-09-17T08:51:03.503-0530: 39.674: [Full GC (Ergonomics) [PSYoungGen: 5120K->4982K(9216K)] [ParOldGen: 34243K->34243K(34304K)] 39363K->39225K(43520K), [Metaspace: 3534K->3534K(1056768K)], 0.0455113 secs] [Times: user=0.32 sys=0.01, real=0.04 secs] 
2019-09-17T08:51:03.566-0530: 39.737: [Full GC (Ergonomics) [PSYoungGen: 5120K->5001K(9216K)] [ParOldGen: 34243K->34243K(34304K)] 39363K->39244K(43520K), [Metaspace: 3534K->3534K(1056768K)], 0.0472964 secs] [Times: user=0.35 sys=0.00, real=0.05 secs] 
2019-09-17T08:51:03.628-0530: 39.800: [Full GC (Ergonomics) [PSYoungGen: 5120K->5018K(9216K)] [ParOldGen: 34243K->34243K(34304K)] 39363K->39261K(43520K), [Metaspace: 3534K->3534K(1056768K)], 0.0469986 secs] [Times: user=0.35 sys=0.00, real=0.05 secs] 
2019-09-17T08:51:03.688-0530: 39.860: [Full GC (Ergonomics) [PSYoungGen: 5120K->5032K(9216K)] [ParOldGen: 34243K->34243K(34304K)] 39363K->39275K(43520K), [Metaspace: 3534K->3534K(1056768K)], 0.0464757 secs] [Times: user=0.34 sys=0.01, real=0.05 secs] 
2019-09-17T08:51:03.745-0530: 39.917: [Full GC (Ergonomics) [PSYoungGen: 5120K->5043K(9216K)] [ParOldGen: 34243K->34243K(34304K)] 39363K->39286K(43520K), [Metaspace: 3534K->3534K(1056768K)], 0.0459793 secs] [Times: user=0.34 sys=0.00, real=0.05 secs] 
2019-09-17T08:51:03.798-0530: 39.970: [Full GC (Ergonomics) [PSYoungGen: 5120K->5053K(9216K)] [ParOldGen: 34243K->34243K(34304K)] 39363K->39296K(43520K), [Metaspace: 3534K->3534K(1056768K)], 0.0471304 secs] [Times: user=0.32 sys=0.00, real=0.05 secs] 
2019-09-17T08:51:03.853-0530: 40.025: [Full GC (Ergonomics) [PSYoungGen: 5120K->5062K(9216K)] [ParOldGen: 34243K->34243K(34304K)] 39363K->39305K(43520K), [Metaspace: 3534K->3534K(1056768K)], 0.0461280 secs] [Times: user=0.33 sys=0.00, real=0.04 secs] 
2019-09-17T08:51:03.907-0530: 40.078: [Full GC (Ergonomics) [PSYoungGen: 5120K->5069K(9216K)] [ParOldGen: 34243K->34243K(34304K)] 39363K->39312K(43520K), [Metaspace: 3534K->3534K(1056768K)], 0.0464046 secs] [Times: user=0.33 sys=0.01, real=0.05 secs] 
2019-09-17T08:51:03.958-0530: 40.130: [Full GC (Ergonomics) [PSYoungGen: 5120K->5075K(9216K)] [ParOldGen: 34243K->34243K(34304K)] 39363K->39318K(43520K), [Metaspace: 3534K->3534K(1056768K)], 0.0478562 secs] [Times: user=0.32 sys=0.00, real=0.05 secs] 
2019-09-17T08:51:04.011-0530: 40.183: [Full GC (Ergonomics) [PSYoungGen: 5120K->5081K(9216K)] [ParOldGen: 34243K->34243K(34304K)] 39363K->39324K(43520K), [Metaspace: 3534K->3534K(1056768K)], 0.0454533 secs] [Times: user=0.31 sys=0.00, real=0.04 secs] 
2019-09-17T08:51:04.061-0530: 40.233: [Full GC (Ergonomics) [PSYoungGen: 5120K->5086K(9216K)] [ParOldGen: 34243K->34243K(34304K)] 39363K->39329K(43520K), [Metaspace: 3534K->3534K(1056768K)], 0.0455830 secs] [Times: user=0.33 sys=0.00, real=0.04 secs] 
2019-09-17T08:51:04.110-0530: 40.281: [Full GC (Ergonomics) [PSYoungGen: 5120K->5089K(9216K)] [ParOldGen: 34243K->34243K(34304K)] 39363K->39332K(43520K), [Metaspace: 3534K->3534K(1056768K)], 0.0439932 secs] [Times: user=0.32 sys=0.01, real=0.04 secs] 
2019-09-17T08:51:04.157-0530: 40.328: [Full GC (Ergonomics) [PSYoungGen: 5120K->5094K(9216K)] [ParOldGen: 34243K->34243K(34304K)] 39363K->39337K(43520K), [Metaspace: 3534K->3534K(1056768K)], 0.0466431 secs] [Times: user=0.33 sys=0.00, real=0.05 secs] 
2019-09-17T08:51:04.206-0530: 40.378: [Full GC (Ergonomics) [PSYoungGen: 5120K->5097K(9216K)] [ParOldGen: 34243K->34243K(34304K)] 39363K->39340K(43520K), [Metaspace: 3534K->3534K(1056768K)], 0.0459715 secs] [Times: user=0.32 sys=0.00, real=0.05 secs] 
2019-09-17T08:51:04.255-0530: 40.427: [Full GC (Ergonomics) [PSYoungGen: 5120K->5100K(9216K)] [ParOldGen: 34243K->34243K(34304K)] 39363K->39343K(43520K), [Metaspace: 3534K->3534K(1056768K)], 0.0465658 secs] [Times: user=0.34 sys=0.00, real=0.05 secs] 
2019-09-17T08:51:04.302-0530: 40.474: [Full GC (Ergonomics) [PSYoungGen: 5120K->5101K(9216K)] [ParOldGen: 34243K->34243K(34304K)] 39363K->39344K(43520K), [Metaspace: 3534K->3534K(1056768K)], 0.0452728 secs] [Times: user=0.31 sys=0.00, real=0.04 secs] 
2019-09-17T08:51:04.348-0530: 40.519: [Full GC (Ergonomics) [PSYoungGen: 5120K->5102K(9216K)] [ParOldGen: 34243K->34243K(34304K)] 39363K->39345K(43520K), [Metaspace: 3534K->3534K(1056768K)], 0.0442775 secs] [Times: user=0.31 sys=0.00, real=0.05 secs] 
2019-09-17T08:51:04.392-0530: 40.564: [Full GC (Ergonomics) [PSYoungGen: 5120K->5104K(9216K)] [ParOldGen: 34243K->34243K(34304K)] 39363K->39347K(43520K), [Metaspace: 3534K->3534K(1056768K)], 0.0443810 secs] [Times: user=0.32 sys=0.00, real=0.04 secs] 
2019-09-17T08:51:04.437-0530: 40.609: [Full GC (Ergonomics) [PSYoungGen: 5120K->5105K(9216K)] [ParOldGen: 34243K->34243K(34304K)] 39363K->39348K(43520K), [Metaspace: 3534K->3534K(1056768K)], 0.0451261 secs] [Times: user=0.32 sys=0.00, real=0.05 secs] 
2019-09-17T08:51:04.482-0530: 40.654: [Full GC (Ergonomics) [PSYoungGen: 5120K->5105K(9216K)] [ParOldGen: 34243K->34243K(34304K)] 39363K->39348K(43520K), [Metaspace: 3534K->3534K(1056768K)], 0.0432561 secs] [Times: user=0.30 sys=0.00, real=0.04 secs] 
2019-09-17T08:51:04.526-0530: 40.698: [Full GC (Ergonomics) [PSYoungGen: 5120K->5106K(9216K)] [ParOldGen: 34243K->34243K(34304K)] 39363K->39349K(43520K), [Metaspace: 3534K->3534K(1056768K)], 0.0440924 secs] [Times: user=0.31 sys=0.00, real=0.05 secs] 
2019-09-17T08:51:04.570-0530: 40.742: [Full GC (Ergonomics) [PSYoungGen: 5120K->5108K(9216K)] [ParOldGen: 34243K->34243K(34304K)] 39363K->39351K(43520K), [Metaspace: 3534K->3534K(1056768K)], 0.0438118 secs] [Times: user=0.32 sys=0.00, real=0.04 secs] 
2019-09-17T08:51:04.614-0530: 40.786: [Full GC (Ergonomics) [PSYoungGen: 5120K->5108K(9216K)] [ParOldGen: 34243K->34243K(34304K)] 39363K->39351K(43520K), [Metaspace: 3534K->3534K(1056768K)], 0.0438204 secs] [Times: user=0.32 sys=0.00, real=0.04 secs] 
2019-09-17T08:51:04.659-0530: 40.830: [Full GC (Ergonomics) [PSYoungGen: 5120K->5109K(9216K)] [ParOldGen: 34243K->34243K(34304K)] 39363K->39352K(43520K), [Metaspace: 3534K->3534K(1056768K)], 0.0441463 secs] [Times: user=0.31 sys=0.00, real=0.05 secs] 
2019-09-17T08:51:04.703-0530: 40.875: [Full GC (Ergonomics) [PSYoungGen: 5120K->5110K(9216K)] [ParOldGen: 34243K->34243K(34304K)] 39363K->39353K(43520K), [Metaspace: 3534K->3534K(1056768K)], 0.0463012 secs] [Times: user=0.30 sys=0.00, real=0.04 secs] 
2019-09-17T08:51:04.750-0530: 40.921: [Full GC (Ergonomics) [PSYoungGen: 5120K->5110K(9216K)] [ParOldGen: 34243K->34243K(34304K)] 39363K->39353K(43520K), [Metaspace: 3534K->3534K(1056768K)], 0.0443133 secs] [Times: user=0.29 sys=0.00, real=0.04 secs] 
2019-09-17T08:51:04.794-0530: 40.966: [Full GC (Ergonomics) [PSYoungGen: 5120K->5111K(9216K)] [ParOldGen: 34243K->34243K(34304K)] 39363K->39354K(43520K), [Metaspace: 3534K->3534K(1056768K)], 0.0455738 secs] [Times: user=0.28 sys=0.00, real=0.05 secs] 
2019-09-17T08:51:04.840-0530: 41.012: [Full GC (Ergonomics) [PSYoungGen: 5120K->5111K(9216K)] [ParOldGen: 34243K->34243K(34304K)] 39363K->39355K(43520K), [Metaspace: 3534K->3534K(1056768K)], 0.0466574 secs] [Times: user=0.28 sys=0.01, real=0.04 secs] 
2019-09-17T08:51:04.887-0530: 41.059: [Full GC (Ergonomics) [PSYoungGen: 5120K->5112K(9216K)] [ParOldGen: 34243K->34243K(34304K)] 39363K->39355K(43520K), [Metaspace: 3534K->3534K(1056768K)], 0.0467318 secs] [Times: user=0.30 sys=0.00, real=0.05 secs] 
2019-09-17T08:51:04.934-0530: 41.106: [Full GC (Ergonomics) [PSYoungGen: 5120K->5112K(9216K)] [ParOldGen: 34243K->34243K(34304K)] 39363K->39356K(43520K), [Metaspace: 3534K->3534K(1056768K)], 0.0483403 secs] [Times: user=0.29 sys=0.00, real=0.05 secs] 
2019-09-17T08:51:04.982-0530: 41.154: [Full GC (Ergonomics) [PSYoungGen: 5120K->5113K(9216K)] [ParOldGen: 34243K->34243K(34304K)] 39363K->39356K(43520K), [Metaspace: 3534K->3534K(1056768K)], 0.0464216 secs] [Times: user=0.28 sys=0.00, real=0.04 secs] 
2019-09-17T08:51:05.029-0530: 41.201: [Full GC (Ergonomics) [PSYoungGen: 5120K->5113K(9216K)] [ParOldGen: 34243K->34243K(34304K)] 39363K->39356K(43520K), [Metaspace: 3534K->3534K(1056768K)], 0.0432482 secs] [Times: user=0.31 sys=0.00, real=0.05 secs] 
2019-09-17T08:51:05.073-0530: 41.244: [Full GC (Ergonomics) [PSYoungGen: 5120K->5113K(9216K)] [ParOldGen: 34243K->34243K(34304K)] 39363K->39357K(43520K), [Metaspace: 3534K->3534K(1056768K)], 0.0435884 secs] [Times: user=0.31 sys=0.00, real=0.04 secs] 
2019-09-17T08:51:05.117-0530: 41.288: [Full GC (Ergonomics) [PSYoungGen: 5120K->5114K(9216K)] [ParOldGen: 34243K->34243K(34304K)] 39363K->39357K(43520K), [Metaspace: 3534K->3534K(1056768K)], 0.0436108 secs] [Times: user=0.29 sys=0.01, real=0.05 secs] 
2019-09-17T08:51:05.161-0530: 41.332: [Full GC (Ergonomics) [PSYoungGen: 5120K->5114K(9216K)] [ParOldGen: 34243K->34243K(34304K)] 39363K->39357K(43520K), [Metaspace: 3534K->3534K(1056768K)], 0.0443409 secs] [Times: user=0.32 sys=0.00, real=0.04 secs] 
2019-09-17T08:51:05.205-0530: 41.377: [Full GC (Ergonomics) [PSYoungGen: 5120K->5115K(9216K)] [ParOldGen: 34243K->34243K(34304K)] 39363K->39358K(43520K), [Metaspace: 3534K->3534K(1056768K)], 0.0453112 secs] [Times: user=0.28 sys=0.00, real=0.05 secs] 
2019-09-17T08:51:05.251-0530: 41.422: [Full GC (Ergonomics) [PSYoungGen: 5120K->5115K(9216K)] [ParOldGen: 34243K->34243K(34304K)] 39363K->39358K(43520K), [Metaspace: 3534K->3534K(1056768K)], 0.0449867 secs] [Times: user=0.30 sys=0.00, real=0.04 secs] 
2019-09-17T08:51:05.296-0530: 41.468: [Full GC (Ergonomics) [PSYoungGen: 5120K->5115K(9216K)] [ParOldGen: 34243K->34243K(34304K)] 39363K->39358K(43520K), [Metaspace: 3534K->3534K(1056768K)], 0.0437240 secs] [Times: user=0.30 sys=0.00, real=0.05 secs] 
2019-09-17T08:51:05.340-0530: 41.512: [Full GC (Ergonomics) [PSYoungGen: 5120K->5115K(9216K)] [ParOldGen: 34243K->34243K(34304K)] 39363K->39358K(43520K), [Metaspace: 3534K->3534K(1056768K)], 0.0457418 secs] [Times: user=0.29 sys=0.01, real=0.04 secs] 
2019-09-17T08:51:05.386-0530: 41.558: [Full GC (Ergonomics) [PSYoungGen: 5120K->5116K(9216K)] [ParOldGen: 34243K->34243K(34304K)] 39363K->39359K(43520K), [Metaspace: 3534K->3534K(1056768K)], 0.0446041 secs] [Times: user=0.32 sys=0.00, real=0.05 secs] 
2019-09-17T08:51:05.431-0530: 41.603: [Full GC (Ergonomics) [PSYoungGen: 5120K->5116K(9216K)] [ParOldGen: 34243K->34243K(34304K)] 39363K->39359K(43520K), [Metaspace: 3534K->3534K(1056768K)], 0.0427831 secs] [Times: user=0.31 sys=0.00, real=0.04 secs] 
2019-09-17T08:51:05.474-0530: 41.646: [Full GC (Ergonomics) [PSYoungGen: 5120K->5116K(9216K)] [ParOldGen: 34243K->34243K(34304K)] 39363K->39359K(43520K), [Metaspace: 3534K->3534K(1056768K)], 0.0439826 secs] [Times: user=0.32 sys=0.00, real=0.04 secs] 
2019-09-17T08:51:05.519-0530: 41.691: [Full GC (Ergonomics) [PSYoungGen: 5120K->5116K(9216K)] [ParOldGen: 34243K->34243K(34304K)] 39363K->39359K(43520K), [Metaspace: 3534K->3534K(1056768K)], 0.0441920 secs] [Times: user=0.32 sys=0.00, real=0.05 secs] 
2019-09-17T08:51:05.563-0530: 41.735: [Full GC (Ergonomics) [PSYoungGen: 5120K->5117K(9216K)] [ParOldGen: 34243K->34243K(34304K)] 39363K->39360K(43520K), [Metaspace: 3534K->3534K(1056768K)], 0.0436874 secs] [Times: user=0.31 sys=0.00, real=0.04 secs] 
2019-09-17T08:51:05.607-0530: 41.779: [Full GC (Ergonomics) [PSYoungGen: 5120K->5117K(9216K)] [ParOldGen: 34243K->34243K(34304K)] 39363K->39360K(43520K), [Metaspace: 3534K->3534K(1056768K)], 0.0442032 secs] [Times: user=0.30 sys=0.00, real=0.05 secs] 
2019-09-17T08:51:05.652-0530: 41.824: [Full GC (Ergonomics) [PSYoungGen: 5120K->5117K(9216K)] [ParOldGen: 34243K->34243K(34304K)] 39363K->39360K(43520K), [Metaspace: 3534K->3534K(1056768K)], 0.0443842 secs] [Times: user=0.30 sys=0.01, real=0.04 secs] 
2019-09-17T08:51:05.696-0530: 41.868: [Full GC (Ergonomics) [PSYoungGen: 5120K->5117K(9216K)] [ParOldGen: 34243K->34243K(34304K)] 39363K->39360K(43520K), [Metaspace: 3534K->3534K(1056768K)], 0.0439307 secs] [Times: user=0.29 sys=0.00, real=0.05 secs] 
2019-09-17T08:51:05.741-0530: 41.912: [Full GC (Ergonomics) [PSYoungGen: 5120K->5117K(9216K)] [ParOldGen: 34243K->34243K(34304K)] 39363K->39360K(43520K), [Metaspace: 3534K->3534K(1056768K)], 0.0428510 secs] [Times: user=0.29 sys=0.00, real=0.04 secs] 
2019-09-17T08:51:05.784-0530: 41.956: [Full GC (Ergonomics) [PSYoungGen: 5120K->5117K(9216K)] [ParOldGen: 34243K->34243K(34304K)] 39363K->39360K(43520K), [Metaspace: 3534K->3534K(1056768K)], 0.0435716 secs] [Times: user=0.30 sys=0.00, real=0.04 secs] 
2019-09-17T08:51:05.828-0530: 41.999: [Full GC (Ergonomics) [PSYoungGen: 5120K->5118K(9216K)] [ParOldGen: 34243K->34243K(34304K)] 39363K->39361K(43520K), [Metaspace: 3534K->3534K(1056768K)], 0.0436256 secs] [Times: user=0.32 sys=0.00, real=0.05 secs] 
2019-09-17T08:51:05.871-0530: 42.043: [Full GC (Ergonomics) [PSYoungGen: 5120K->5118K(9216K)] [ParOldGen: 34243K->34243K(34304K)] 39363K->39361K(43520K), [Metaspace: 3534K->3534K(1056768K)], 0.0435955 secs] [Times: user=0.32 sys=0.00, real=0.04 secs] 
2019-09-17T08:51:05.915-0530: 42.087: [Full GC (Ergonomics) [PSYoungGen: 5120K->5118K(9216K)] [ParOldGen: 34243K->34243K(34304K)] 39363K->39361K(43520K), [Metaspace: 3534K->3534K(1056768K)], 0.0446110 secs] [Times: user=0.31 sys=0.01, real=0.05 secs] 
2019-09-17T08:51:05.960-0530: 42.132: [Full GC (Ergonomics) [PSYoungGen: 5120K->5118K(9216K)] [ParOldGen: 34243K->34243K(34304K)] 39363K->39361K(43520K), [Metaspace: 3534K->3534K(1056768K)], 0.0467080 secs] [Times: user=0.27 sys=0.00, real=0.04 secs] 
2019-09-17T08:51:06.007-0530: 42.179: [Full GC (Ergonomics) [PSYoungGen: 5120K->5118K(9216K)] [ParOldGen: 34243K->34243K(34304K)] 39363K->39361K(43520K), [Metaspace: 3534K->3534K(1056768K)], 0.0459155 secs] [Times: user=0.28 sys=0.00, real=0.05 secs] 
2019-09-17T08:51:06.053-0530: 42.225: [Full GC (Ergonomics) [PSYoungGen: 5120K->5118K(9216K)] [ParOldGen: 34243K->34243K(34304K)] 39363K->39361K(43520K), [Metaspace: 3534K->3534K(1056768K)], 0.0461244 secs] [Times: user=0.30 sys=0.00, real=0.04 secs] 
2019-09-17T08:51:06.100-0530: 42.271: [Full GC (Ergonomics) [PSYoungGen: 5120K->5118K(9216K)] [ParOldGen: 34243K->34243K(34304K)] 39363K->39361K(43520K), [Metaspace: 3534K->3534K(1056768K)], 0.0475030 secs] [Times: user=0.30 sys=0.00, real=0.04 secs] 
2019-09-17T08:51:06.147-0530: 42.319: [Full GC (Ergonomics) [PSYoungGen: 5120K->5118K(9216K)] [ParOldGen: 34243K->34243K(34304K)] 39363K->39361K(43520K), [Metaspace: 3534K->3534K(1056768K)], 0.0441462 secs] [Times: user=0.30 sys=0.00, real=0.05 secs] 
2019-09-17T08:51:06.192-0530: 42.363: [Full GC (Ergonomics) [PSYoungGen: 5120K->5118K(9216K)] [ParOldGen: 34243K->34243K(34304K)] 39363K->39361K(43520K), [Metaspace: 3534K->3534K(1056768K)], 0.0441183 secs] [Times: user=0.31 sys=0.00, real=0.04 secs] 
2019-09-17T08:51:06.236-0530: 42.408: [Full GC (Ergonomics) [PSYoungGen: 5120K->5118K(9216K)] [ParOldGen: 34243K->34243K(34304K)] 39363K->39361K(43520K), [Metaspace: 3534K->3534K(1056768K)], 0.0457005 secs] [Times: user=0.32 sys=0.01, real=0.05 secs] 
2019-09-17T08:51:06.282-0530: 42.454: [Full GC (Ergonomics) [PSYoungGen: 5120K->5118K(9216K)] [ParOldGen: 34243K->34243K(34304K)] 39363K->39362K(43520K), [Metaspace: 3534K->3534K(1056768K)], 0.0429229 secs] [Times: user=0.31 sys=0.00, real=0.04 secs] 
2019-09-17T08:51:06.325-0530: 42.497: [Full GC (Ergonomics) [PSYoungGen: 5120K->5119K(9216K)] [ParOldGen: 34243K->34243K(34304K)] 39363K->39362K(43520K), [Metaspace: 3534K->3534K(1056768K)], 0.0446297 secs] [Times: user=0.29 sys=0.00, real=0.05 secs] 
2019-09-17T08:51:06.370-0530: 42.542: [Full GC (Ergonomics) [PSYoungGen: 5120K->5119K(9216K)] [ParOldGen: 34243K->34243K(34304K)] 39363K->39362K(43520K), [Metaspace: 3534K->3534K(1056768K)], 0.0444689 secs] [Times: user=0.31 sys=0.00, real=0.04 secs] 
2019-09-17T08:51:06.415-0530: 42.587: [Full GC (Ergonomics) [PSYoungGen: 5120K->5119K(9216K)] [ParOldGen: 34243K->34243K(34304K)] 39363K->39362K(43520K), [Metaspace: 3534K->3534K(1056768K)], 0.0433185 secs] [Times: user=0.31 sys=0.00, real=0.04 secs] 
2019-09-17T08:51:06.458-0530: 42.630: [Full GC (Ergonomics) [PSYoungGen: 5120K->5119K(9216K)] [ParOldGen: 34243K->34243K(34304K)] 39363K->39362K(43520K), [Metaspace: 3534K->3534K(1056768K)], 0.0449780 secs] [Times: user=0.29 sys=0.00, real=0.05 secs] 
2019-09-17T08:51:06.504-0530: 42.675: [Full GC (Ergonomics) [PSYoungGen: 5120K->5119K(9216K)] [ParOldGen: 34243K->34243K(34304K)] 39363K->39362K(43520K), [Metaspace: 3534K->3534K(1056768K)], 0.0447924 secs] [Times: user=0.30 sys=0.01, real=0.04 secs] 
2019-09-17T08:51:06.549-0530: 42.720: [Full GC (Ergonomics) [PSYoungGen: 5120K->5119K(9216K)] [ParOldGen: 34243K->34243K(34304K)] 39363K->39362K(43520K), [Metaspace: 3534K->3534K(1056768K)], 0.0430322 secs] [Times: user=0.29 sys=0.00, real=0.05 secs] 
2019-09-17T08:51:06.592-0530: 42.764: [Full GC (Ergonomics) [PSYoungGen: 5120K->5119K(9216K)] [ParOldGen: 34243K->34243K(34304K)] 39363K->39362K(43520K), [Metaspace: 3534K->3534K(1056768K)], 0.0449344 secs] [Times: user=0.31 sys=0.00, real=0.04 secs] 
2019-09-17T08:51:06.637-0530: 42.809: [Full GC (Ergonomics) [PSYoungGen: 5120K->5119K(9216K)] [ParOldGen: 34243K->34243K(34304K)] 39363K->39362K(43520K), [Metaspace: 3534K->3534K(1056768K)], 0.0455046 secs] [Times: user=0.31 sys=0.00, real=0.05 secs] 
2019-09-17T08:51:06.683-0530: 42.855: [Full GC (Ergonomics) [PSYoungGen: 5120K->5119K(9216K)] [ParOldGen: 34243K->34243K(34304K)] 39363K->39362K(43520K), [Metaspace: 3534K->3534K(1056768K)], 0.0455952 secs] [Times: user=0.30 sys=0.00, real=0.04 secs] 
2019-09-17T08:51:06.729-0530: 42.901: [Full GC (Ergonomics) [PSYoungGen: 5120K->5119K(9216K)] [ParOldGen: 34243K->34243K(34304K)] 39363K->39362K(43520K), [Metaspace: 3534K->3534K(1056768K)], 0.0447202 secs] [Times: user=0.30 sys=0.00, real=0.05 secs] 
2019-09-17T08:51:06.774-0530: 42.946: [Full GC (Ergonomics) [PSYoungGen: 5120K->5119K(9216K)] [ParOldGen: 34243K->34243K(34304K)] 39363K->39362K(43520K), [Metaspace: 3534K->3534K(1056768K)], 0.0452618 secs] [Times: user=0.31 sys=0.01, real=0.04 secs] 
2019-09-17T08:51:06.819-0530: 42.991: [Full GC (Ergonomics) [PSYoungGen: 5120K->5119K(9216K)] [ParOldGen: 34243K->34243K(34304K)] 39363K->39362K(43520K), [Metaspace: 3534K->3534K(1056768K)], 0.0451795 secs] [Times: user=0.31 sys=0.00, real=0.05 secs] 
2019-09-17T08:51:06.865-0530: 43.037: [Full GC (Ergonomics) [PSYoungGen: 5120K->5119K(9216K)] [ParOldGen: 34243K->34243K(34304K)] 39363K->39362K(43520K), [Metaspace: 3534K->3534K(1056768K)], 0.0436758 secs] [Times: user=0.29 sys=0.00, real=0.05 secs] 
2019-09-17T08:51:06.915-0530: 43.087: [Full GC (Ergonomics) [PSYoungGen: 5120K->5119K(9216K)] [ParOldGen: 34243K->34243K(34304K)] 39363K->39362K(43520K), [Metaspace: 3534K->3534K(1056768K)], 0.0445623 secs] [Times: user=0.33 sys=0.00, real=0.04 secs] 
2019-09-17T08:51:06.959-0530: 43.131: [Full GC (Ergonomics) [PSYoungGen: 5120K->5119K(9216K)] [ParOldGen: 34243K->34243K(34304K)] 39363K->39362K(43520K), [Metaspace: 3534K->3534K(1056768K)], 0.0437497 secs] [Times: user=0.31 sys=0.00, real=0.05 secs] 
2019-09-17T08:51:07.003-0530: 43.175: [Full GC (Ergonomics) [PSYoungGen: 5120K->5119K(9216K)] [ParOldGen: 34243K->34243K(34304K)] 39363K->39362K(43520K), [Metaspace: 3534K->3534K(1056768K)], 0.0435155 secs] [Times: user=0.32 sys=0.00, real=0.04 secs] 
2019-09-17T08:51:07.047-0530: 43.219: [Full GC (Ergonomics) [PSYoungGen: 5120K->5119K(9216K)] [ParOldGen: 34243K->34243K(34304K)] 39363K->39362K(43520K), [Metaspace: 3534K->3534K(1056768K)], 0.0432922 secs] [Times: user=0.31 sys=0.01, real=0.05 secs] 
2019-09-17T08:51:07.091-0530: 43.263: [Full GC (Ergonomics) [PSYoungGen: 5120K->5119K(9216K)] [ParOldGen: 34243K->34243K(34304K)] 39363K->39362K(43520K), [Metaspace: 3534K->3534K(1056768K)], 0.0441539 secs] [Times: user=0.31 sys=0.00, real=0.04 secs] 
2019-09-17T08:51:07.135-0530: 43.307: [Full GC (Ergonomics) [PSYoungGen: 5120K->5119K(9216K)] [ParOldGen: 34243K->34243K(34304K)] 39363K->39362K(43520K), [Metaspace: 3534K->3534K(1056768K)], 0.0442796 secs] [Times: user=0.32 sys=0.00, real=0.05 secs] 
2019-09-17T08:51:07.180-0530: 43.352: [Full GC (Ergonomics) [PSYoungGen: 5120K->5119K(9216K)] [ParOldGen: 34243K->34243K(34304K)] 39363K->39362K(43520K), [Metaspace: 3534K->3534K(1056768K)], 0.0438385 secs] [Times: user=0.31 sys=0.00, real=0.04 secs] 
2019-09-17T08:51:07.224-0530: 43.396: [Full GC (Ergonomics) [PSYoungGen: 5120K->5119K(9216K)] [ParOldGen: 34243K->34243K(34304K)] 39363K->39362K(43520K), [Metaspace: 3534K->3534K(1056768K)], 0.0428704 secs] [Times: user=0.31 sys=0.00, real=0.04 secs] 
2019-09-17T08:51:07.267-0530: 43.439: [Full GC (Ergonomics) [PSYoungGen: 5119K->5119K(9216K)] [ParOldGen: 34243K->34243K(34304K)] 39363K->39362K(43520K), [Metaspace: 3534K->3534K(1056768K)], 0.0435053 secs] [Times: user=0.31 sys=0.00, real=0.05 secs] 
2019-09-17T08:51:07.311-0530: 43.483: [Full GC (Ergonomics) [PSYoungGen: 5119K->5119K(9216K)] [ParOldGen: 34243K->34243K(34304K)] 39363K->39362K(43520K), [Metaspace: 3534K->3534K(1056768K)], 0.0447243 secs] [Times: user=0.31 sys=0.00, real=0.04 secs] 
2019-09-17T08:51:07.356-0530: 43.528: [Full GC (Ergonomics) [PSYoungGen: 5119K->5119K(9216K)] [ParOldGen: 34243K->34243K(34304K)] 39363K->39362K(43520K), [Metaspace: 3534K->3534K(1056768K)], 0.0438998 secs] [Times: user=0.31 sys=0.00, real=0.05 secs] 
2019-09-17T08:51:07.400-0530: 43.572: [Full GC (Ergonomics) [PSYoungGen: 5120K->5119K(9216K)] [ParOldGen: 34243K->34243K(34304K)] 39363K->39362K(43520K), [Metaspace: 3534K->3534K(1056768K)], 0.0434716 secs] [Times: user=0.30 sys=0.00, real=0.04 secs] 
2019-09-17T08:51:07.444-0530: 43.616: [Full GC (Ergonomics) [PSYoungGen: 5119K->5119K(9216K)] [ParOldGen: 34243K->34243K(34304K)] 39363K->39362K(43520K), [Metaspace: 3534K->3534K(1056768K)], 0.0433019 secs] [Times: user=0.32 sys=0.00, real=0.04 secs] 
2019-09-17T08:51:07.487-0530: 43.659: [Full GC (Ergonomics) [PSYoungGen: 5119K->5119K(9216K)] [ParOldGen: 34243K->34243K(34304K)] 39363K->39363K(43520K), [Metaspace: 3534K->3534K(1056768K)], 0.0436129 secs] [Times: user=0.32 sys=0.00, real=0.05 secs] 
2019-09-17T08:51:07.531-0530: 43.703: [Full GC (Ergonomics) [PSYoungGen: 5120K->5119K(9216K)] [ParOldGen: 34246K->34243K(34304K)] 39366K->39363K(43520K), [Metaspace: 3534K->3534K(1056768K)], 0.0431953 secs] [Times: user=0.32 sys=0.00, real=0.04 secs] 
2019-09-17T08:51:07.575-0530: 43.747: [Full GC (Ergonomics) [PSYoungGen: 5120K->5119K(9216K)] [ParOldGen: 34243K->34243K(34304K)] 39363K->39363K(43520K), [Metaspace: 3534K->3534K(1056768K)], 0.0436459 secs] [Times: user=0.32 sys=0.00, real=0.04 secs] 
2019-09-17T08:51:07.619-0530: 43.791: [Full GC (Ergonomics) [PSYoungGen: 5120K->5119K(9216K)] [ParOldGen: 34243K->34243K(34304K)] 39363K->39363K(43520K), [Metaspace: 3534K->3534K(1056768K)], 0.0438098 secs] [Times: user=0.32 sys=0.01, real=0.05 secs] 
2019-09-17T08:51:07.663-0530: 43.835: [Full GC (Ergonomics) [PSYoungGen: 5120K->5119K(9216K)] [ParOldGen: 34243K->34243K(34304K)] 39363K->39363K(43520K), [Metaspace: 3534K->3534K(1056768K)], 0.0438108 secs] [Times: user=0.32 sys=0.00, real=0.04 secs] 
2019-09-17T08:51:07.707-0530: 43.879: [Full GC (Ergonomics) [PSYoungGen: 5120K->5119K(9216K)] [ParOldGen: 34243K->34243K(34304K)] 39363K->39363K(43520K), [Metaspace: 3534K->3534K(1056768K)], 0.0459035 secs] [Times: user=0.32 sys=0.00, real=0.05 secs] 
2019-09-17T08:51:07.753-0530: 43.925: [Full GC (Ergonomics) [PSYoungGen: 5120K->5119K(9216K)] [ParOldGen: 34243K->34243K(34304K)] 39363K->39363K(43520K), [Metaspace: 3534K->3534K(1056768K)], 0.0437495 secs] [Times: user=0.32 sys=0.00, real=0.04 secs] 
2019-09-17T08:51:07.797-0530: 43.969: [Full GC (Ergonomics) [PSYoungGen: 5120K->5119K(9216K)] [ParOldGen: 34243K->34243K(34304K)] 39363K->39363K(43520K), [Metaspace: 3534K->3534K(1056768K)], 0.0439871 secs] [Times: user=0.32 sys=0.00, real=0.05 secs] 
2019-09-17T08:51:07.841-0530: 44.013: [Full GC (Ergonomics) [PSYoungGen: 5120K->5119K(9216K)] [ParOldGen: 34246K->34244K(34304K)] 39366K->39364K(43520K), [Metaspace: 3534K->3534K(1056768K)], 0.0443167 secs] [Times: user=0.31 sys=0.00, real=0.04 secs] 
2019-09-17T08:51:07.886-0530: 44.058: [Full GC (Ergonomics) [PSYoungGen: 5120K->5119K(9216K)] [ParOldGen: 34244K->34244K(34304K)] 39364K->39364K(43520K), [Metaspace: 3534K->3534K(1056768K)], 0.0449452 secs] [Times: user=0.31 sys=0.00, real=0.05 secs] 
2019-09-17T08:51:07.931-0530: 44.103: [Full GC (Ergonomics) [PSYoungGen: 5120K->5119K(9216K)] [ParOldGen: 34244K->34244K(34304K)] 39364K->39364K(43520K), [Metaspace: 3534K->3534K(1056768K)], 0.0448915 secs] [Times: user=0.25 sys=0.01, real=0.04 secs] 
2019-09-17T08:51:07.976-0530: 44.148: [Full GC (Ergonomics) [PSYoungGen: 5120K->5119K(9216K)] [ParOldGen: 34244K->34244K(34304K)] 39364K->39364K(43520K), [Metaspace: 3534K->3534K(1056768K)], 0.0443104 secs] [Times: user=0.26 sys=0.00, real=0.05 secs] 
2019-09-17T08:51:08.021-0530: 44.193: [Full GC (Ergonomics) [PSYoungGen: 5120K->5119K(9216K)] [ParOldGen: 34244K->34244K(34304K)] 39364K->39364K(43520K), [Metaspace: 3534K->3534K(1056768K)], 0.0472290 secs] [Times: user=0.30 sys=0.00, real=0.04 secs] 
2019-09-17T08:51:08.068-0530: 44.240: [Full GC (Ergonomics) [PSYoungGen: 5120K->5119K(9216K)] [ParOldGen: 34244K->34244K(34304K)] 39364K->39364K(43520K), [Metaspace: 3534K->3534K(1056768K)], 0.0463532 secs] [Times: user=0.31 sys=0.00, real=0.05 secs] 
2019-09-17T08:51:08.115-0530: 44.287: [Full GC (Ergonomics) [PSYoungGen: 5120K->5120K(9216K)] [ParOldGen: 34244K->34244K(34304K)] 39364K->39364K(43520K), [Metaspace: 3534K->3534K(1056768K)], 0.0432298 secs] [Times: user=0.29 sys=0.00, real=0.04 secs] 
2019-09-17T08:51:08.158-0530: 44.330: [Full GC (Ergonomics) [PSYoungGen: 5120K->5119K(9216K)] [ParOldGen: 34246K->34244K(34304K)] 39366K->39364K(43520K), [Metaspace: 3534K->3534K(1056768K)], 0.0438292 secs] [Times: user=0.31 sys=0.00, real=0.05 secs] 
2019-09-17T08:51:08.203-0530: 44.374: [Full GC (Ergonomics) [PSYoungGen: 5120K->5119K(9216K)] [ParOldGen: 34244K->34244K(34304K)] 39364K->39364K(43520K), [Metaspace: 3534K->3534K(1056768K)], 0.0457897 secs] [Times: user=0.32 sys=0.01, real=0.04 secs] 
2019-09-17T08:51:08.249-0530: 44.420: [Full GC (Ergonomics) [PSYoungGen: 5119K->5119K(9216K)] [ParOldGen: 34244K->34244K(34304K)] 39364K->39364K(43520K), [Metaspace: 3534K->3534K(1056768K)], 0.0442902 secs] [Times: user=0.31 sys=0.00, real=0.05 secs] 
2019-09-17T08:51:08.293-0530: 44.465: [Full GC (Ergonomics) [PSYoungGen: 5120K->5119K(9216K)] [ParOldGen: 34244K->34244K(34304K)] 39364K->39364K(43520K), [Metaspace: 3534K->3534K(1056768K)], 0.0434374 secs] [Times: user=0.31 sys=0.00, real=0.04 secs] 
2019-09-17T08:51:08.337-0530: 44.509: [Full GC (Ergonomics) [PSYoungGen: 5120K->5119K(9216K)] [ParOldGen: 34247K->34245K(34304K)] 39367K->39364K(43520K), [Metaspace: 3534K->3534K(1056768K)], 0.0450501 secs] [Times: user=0.31 sys=0.00, real=0.05 secs] 
2019-09-17T08:51:08.383-0530: 44.554: [Full GC (Ergonomics) [PSYoungGen: 5120K->5119K(9216K)] [ParOldGen: 34245K->34245K(34304K)] 39365K->39364K(43520K), [Metaspace: 3534K->3534K(1056768K)], 0.0438147 secs] [Times: user=0.32 sys=0.00, real=0.04 secs] 
2019-09-17T08:51:08.427-0530: 44.599: [Full GC (Ergonomics) [PSYoungGen: 5120K->5119K(9216K)] [ParOldGen: 34245K->34245K(34304K)] 39365K->39365K(43520K), [Metaspace: 3534K->3534K(1056768K)], 0.0454099 secs] [Times: user=0.30 sys=0.01, real=0.05 secs] 
2019-09-17T08:51:08.472-0530: 44.644: [Full GC (Ergonomics) [PSYoungGen: 5120K->5119K(9216K)] [ParOldGen: 34245K->34245K(34304K)] 39365K->39365K(43520K), [Metaspace: 3534K->3534K(1056768K)], 0.0439237 secs] [Times: user=0.32 sys=0.00, real=0.04 secs] 
2019-09-17T08:51:08.517-0530: 44.688: [Full GC (Ergonomics) [PSYoungGen: 5120K->5119K(9216K)] [ParOldGen: 34248K->34245K(34304K)] 39368K->39365K(43520K), [Metaspace: 3534K->3534K(1056768K)], 0.0451135 secs] [Times: user=0.32 sys=0.00, real=0.05 secs] 
2019-09-17T08:51:08.562-0530: 44.734: [Full GC (Ergonomics) [PSYoungGen: 5120K->5119K(9216K)] [ParOldGen: 34245K->34245K(34304K)] 39365K->39365K(43520K), [Metaspace: 3534K->3534K(1056768K)], 0.0434159 secs] [Times: user=0.31 sys=0.00, real=0.04 secs] 
2019-09-17T08:51:08.606-0530: 44.777: [Full GC (Ergonomics) [PSYoungGen: 5119K->5119K(9216K)] [ParOldGen: 34245K->34245K(34304K)] 39365K->39365K(43520K), [Metaspace: 3534K->3534K(1056768K)], 0.0446090 secs] [Times: user=0.31 sys=0.00, real=0.05 secs] 
2019-09-17T08:51:08.651-0530: 44.823: [Full GC (Ergonomics) [PSYoungGen: 5119K->5119K(9216K)] [ParOldGen: 34248K->34246K(34304K)] 39368K->39365K(43520K), [Metaspace: 3534K->3534K(1056768K)], 0.0449028 secs] [Times: user=0.31 sys=0.00, real=0.04 secs] 
2019-09-17T08:51:08.696-0530: 44.868: [Full GC (Ergonomics) [PSYoungGen: 5119K->5119K(9216K)] [ParOldGen: 34246K->34245K(34304K)] 39365K->39365K(43520K), [Metaspace: 3534K->3534K(1056768K)], 0.0437999 secs] [Times: user=0.31 sys=0.01, real=0.05 secs] 
2019-09-17T08:51:08.740-0530: 44.912: [Full GC (Ergonomics) [PSYoungGen: 5119K->5119K(9216K)] [ParOldGen: 34245K->34245K(34304K)] 39365K->39365K(43520K), [Metaspace: 3534K->3534K(1056768K)], 0.0443581 secs] [Times: user=0.32 sys=0.00, real=0.04 secs] 
2019-09-17T08:51:08.785-0530: 44.957: [Full GC (Ergonomics) [PSYoungGen: 5120K->5119K(9216K)] [ParOldGen: 34248K->34246K(34304K)] 39368K->39366K(43520K), [Metaspace: 3534K->3534K(1056768K)], 0.0439057 secs] [Times: user=0.31 sys=0.00, real=0.04 secs] 
2019-09-17T08:51:08.829-0530: 45.001: [Full GC (Ergonomics) [PSYoungGen: 5120K->5119K(9216K)] [ParOldGen: 34246K->34246K(34304K)] 39366K->39366K(43520K), [Metaspace: 3534K->3534K(1056768K)], 0.0438164 secs] [Times: user=0.32 sys=0.00, real=0.05 secs] 
2019-09-17T08:51:08.873-0530: 45.045: [Full GC (Ergonomics) [PSYoungGen: 5120K->5120K(9216K)] [ParOldGen: 34246K->34246K(34304K)] 39366K->39366K(43520K), [Metaspace: 3534K->3534K(1056768K)], 0.0433450 secs] [Times: user=0.32 sys=0.00, real=0.04 secs] 
2019-09-17T08:51:08.917-0530: 45.089: [Full GC (Ergonomics) [PSYoungGen: 5120K->5119K(9216K)] [ParOldGen: 34249K->34246K(34304K)] 39369K->39366K(43520K), [Metaspace: 3534K->3534K(1056768K)], 0.0434690 secs] [Times: user=0.32 sys=0.00, real=0.05 secs] 
2019-09-17T08:51:08.961-0530: 45.132: [Full GC (Ergonomics) [PSYoungGen: 5120K->5119K(9216K)] [ParOldGen: 34246K->34246K(34304K)] 39366K->39366K(43520K), [Metaspace: 3534K->3534K(1056768K)], 0.0436359 secs] [Times: user=0.32 sys=0.01, real=0.04 secs] 
2019-09-17T08:51:09.005-0530: 45.177: [Full GC (Ergonomics) [PSYoungGen: 5120K->5119K(9216K)] [ParOldGen: 34249K->34247K(34304K)] 39369K->39367K(43520K), [Metaspace: 3534K->3534K(1056768K)], 0.0439591 secs] [Times: user=0.32 sys=0.00, real=0.04 secs] 
2019-09-17T08:51:09.049-0530: 45.221: [Full GC (Ergonomics) [PSYoungGen: 5120K->5119K(9216K)] [ParOldGen: 34247K->34247K(34304K)] 39367K->39367K(43520K), [Metaspace: 3534K->3534K(1056768K)], 0.0436195 secs] [Times: user=0.31 sys=0.00, real=0.05 secs] 
2019-09-17T08:51:09.093-0530: 45.265: [Full GC (Ergonomics) [PSYoungGen: 5119K->5119K(9216K)] [ParOldGen: 34247K->34247K(34304K)] 39367K->39367K(43520K), [Metaspace: 3534K->3534K(1056768K)], 0.0459310 secs] [Times: user=0.32 sys=0.00, real=0.04 secs] 
2019-09-17T08:51:09.139-0530: 45.311: [Full GC (Ergonomics) [PSYoungGen: 5119K->5119K(9216K)] [ParOldGen: 34250K->34247K(34304K)] 39370K->39367K(43520K), [Metaspace: 3534K->3534K(1056768K)], 0.0436411 secs] [Times: user=0.31 sys=0.00, real=0.05 secs] 
2019-09-17T08:51:09.183-0530: 45.355: [Full GC (Ergonomics) [PSYoungGen: 5120K->5119K(9216K)] [ParOldGen: 34250K->34248K(34304K)] 39370K->39368K(43520K), [Metaspace: 3534K->3534K(1056768K)], 0.0481737 secs] [Times: user=0.27 sys=0.00, real=0.05 secs] 
2019-09-17T08:51:09.231-0530: 45.403: [Full GC (Ergonomics) [PSYoungGen: 5120K->5119K(9216K)] [ParOldGen: 34248K->34248K(34304K)] 39368K->39368K(43520K), [Metaspace: 3534K->3534K(1056768K)], 0.0459205 secs] [Times: user=0.29 sys=0.01, real=0.04 secs] 
2019-09-17T08:51:09.278-0530: 45.450: [Full GC (Ergonomics) [PSYoungGen: 5119K->5119K(9216K)] [ParOldGen: 34251K->34248K(34304K)] 39371K->39368K(43520K), [Metaspace: 3534K->3534K(1056768K)], 0.0495142 secs] [Times: user=0.28 sys=0.00, real=0.05 secs] 
2019-09-17T08:51:09.327-0530: 45.499: [Full GC (Ergonomics) [PSYoungGen: 5119K->5119K(9216K)] [ParOldGen: 34248K->34248K(34304K)] 39368K->39368K(43520K), [Metaspace: 3534K->3534K(1056768K)], 0.0469063 secs] [Times: user=0.24 sys=0.00, real=0.05 secs] 
2019-09-17T08:51:09.375-0530: 45.547: [Full GC (Ergonomics) [PSYoungGen: 5119K->5119K(9216K)] [ParOldGen: 34251K->34249K(34304K)] 39371K->39368K(43520K), [Metaspace: 3534K->3534K(1056768K)], 0.0461025 secs] [Times: user=0.26 sys=0.00, real=0.05 secs] 
2019-09-17T08:51:09.421-0530: 45.593: [Full GC (Ergonomics) [PSYoungGen: 5120K->5119K(9216K)] [ParOldGen: 34252K->34249K(34304K)] 39372K->39369K(43520K), [Metaspace: 3534K->3534K(1056768K)], 0.0522929 secs] [Times: user=0.27 sys=0.01, real=0.05 secs] 
2019-09-17T08:51:09.474-0530: 45.646: [Full GC (Ergonomics) [PSYoungGen: 5120K->5119K(9216K)] [ParOldGen: 34249K->34249K(34304K)] 39369K->39369K(43520K), [Metaspace: 3534K->3534K(1056768K)], 0.0461753 secs] [Times: user=0.28 sys=0.00, real=0.05 secs] 
2019-09-17T08:51:09.520-0530: 45.692: [Full GC (Ergonomics) [PSYoungGen: 5119K->5119K(9216K)] [ParOldGen: 34251K->34249K(34304K)] 39371K->39369K(43520K), [Metaspace: 3534K->3534K(1056768K)], 0.0450056 secs] [Times: user=0.31 sys=0.00, real=0.04 secs] 
2019-09-17T08:51:09.565-0530: 45.737: [Full GC (Ergonomics) [PSYoungGen: 5120K->5119K(9216K)] [ParOldGen: 34253K->34250K(34304K)] 39373K->39370K(43520K), [Metaspace: 3534K->3534K(1056768K)], 0.0438087 secs] [Times: user=0.30 sys=0.00, real=0.04 secs] 
2019-09-17T08:51:09.610-0530: 45.782: [Full GC (Ergonomics) [PSYoungGen: 5119K->5119K(9216K)] [ParOldGen: 34250K->34250K(34304K)] 39370K->39370K(43520K), [Metaspace: 3534K->3534K(1056768K)], 0.0442895 secs] [Times: user=0.31 sys=0.00, real=0.04 secs] 
2019-09-17T08:51:09.654-0530: 45.826: [Full GC (Ergonomics) [PSYoungGen: 5119K->5119K(9216K)] [ParOldGen: 34252K->34250K(34304K)] 39372K->39370K(43520K), [Metaspace: 3534K->3534K(1056768K)], 0.0438038 secs] [Times: user=0.30 sys=0.00, real=0.04 secs] 
2019-09-17T08:51:09.698-0530: 45.870: [Full GC (Ergonomics) [PSYoungGen: 5119K->5119K(9216K)] [ParOldGen: 34250K->34250K(34304K)] 39370K->39370K(43520K), [Metaspace: 3534K->3534K(1056768K)], 0.0426882 secs] [Times: user=0.30 sys=0.00, real=0.05 secs] 
2019-09-17T08:51:09.741-0530: 45.913: [Full GC (Ergonomics) [PSYoungGen: 5119K->5119K(9216K)] [ParOldGen: 34253K->34250K(34304K)] 39373K->39370K(43520K), [Metaspace: 3534K->3534K(1056768K)], 0.0438067 secs] [Times: user=0.31 sys=0.00, real=0.04 secs] 
2019-09-17T08:51:09.786-0530: 45.957: [Full GC (Ergonomics) [PSYoungGen: 5119K->5119K(9216K)] [ParOldGen: 34250K->34250K(34304K)] 39370K->39370K(43520K), [Metaspace: 3534K->3534K(1056768K)], 0.0455006 secs] [Times: user=0.31 sys=0.00, real=0.05 secs] 
2019-09-17T08:51:09.831-0530: 46.003: [Full GC (Ergonomics) [PSYoungGen: 5119K->5119K(9216K)] [ParOldGen: 34253K->34251K(34304K)] 39373K->39371K(43520K), [Metaspace: 3534K->3534K(1056768K)], 0.0444094 secs] [Times: user=0.29 sys=0.00, real=0.04 secs] 
2019-09-17T08:51:09.876-0530: 46.048: [Full GC (Ergonomics) [PSYoungGen: 5119K->5119K(9216K)] [ParOldGen: 34251K->34251K(34304K)] 39371K->39371K(43520K), [Metaspace: 3534K->3534K(1056768K)], 0.0440776 secs] [Times: user=0.31 sys=0.00, real=0.05 secs] 
2019-09-17T08:51:09.920-0530: 46.092: [Full GC (Ergonomics) [PSYoungGen: 5119K->5119K(9216K)] [ParOldGen: 34254K->34251K(34304K)] 39374K->39371K(43520K), [Metaspace: 3534K->3534K(1056768K)], 0.0440181 secs] [Times: user=0.31 sys=0.00, real=0.04 secs] 
2019-09-17T08:51:09.965-0530: 46.137: [Full GC (Ergonomics) [PSYoungGen: 5120K->5119K(9216K)] [ParOldGen: 34251K->34251K(34304K)] 39371K->39371K(43520K), [Metaspace: 3534K->3534K(1056768K)], 0.0434707 secs] [Times: user=0.31 sys=0.01, real=0.04 secs] 
2019-09-17T08:51:10.009-0530: 46.180: [Full GC (Ergonomics) [PSYoungGen: 5119K->5119K(9216K)] [ParOldGen: 34251K->34251K(34304K)] 39371K->39371K(43520K), [Metaspace: 3534K->3534K(1056768K)], 0.0442990 secs] [Times: user=0.32 sys=0.00, real=0.05 secs] 
2019-09-17T08:51:10.053-0530: 46.225: [Full GC (Ergonomics) [PSYoungGen: 5119K->5119K(9216K)] [ParOldGen: 34254K->34252K(34304K)] 39374K->39372K(43520K), [Metaspace: 3534K->3534K(1056768K)], 0.0443397 secs] [Times: user=0.33 sys=0.00, real=0.04 secs] 
2019-09-17T08:51:10.098-0530: 46.270: [Full GC (Ergonomics) [PSYoungGen: 5120K->5119K(9216K)] [ParOldGen: 34254K->34252K(34304K)] 39374K->39372K(43520K), [Metaspace: 3534K->3534K(1056768K)], 0.0435407 secs] [Times: user=0.32 sys=0.00, real=0.05 secs] 
2019-09-17T08:51:10.142-0530: 46.314: [Full GC (Ergonomics) [PSYoungGen: 5119K->5119K(9216K)] [ParOldGen: 34255K->34253K(34304K)] 39375K->39373K(43520K), [Metaspace: 3534K->3534K(1056768K)], 0.0449931 secs] [Times: user=0.32 sys=0.00, real=0.04 secs] 
2019-09-17T08:51:10.187-0530: 46.359: [Full GC (Ergonomics) [PSYoungGen: 5119K->5119K(9216K)] [ParOldGen: 34256K->34253K(34304K)] 39376K->39373K(43520K), [Metaspace: 3534K->3534K(1056768K)], 0.0456581 secs] [Times: user=0.30 sys=0.00, real=0.05 secs] 
2019-09-17T08:51:10.233-0530: 46.405: [Full GC (Ergonomics) [PSYoungGen: 5119K->5119K(9216K)] [ParOldGen: 34256K->34253K(34304K)] 39376K->39373K(43520K), [Metaspace: 3534K->3534K(1056768K)], 0.0437396 secs] [Times: user=0.30 sys=0.01, real=0.04 secs] 
2019-09-17T08:51:10.277-0530: 46.449: [Full GC (Ergonomics) [PSYoungGen: 5119K->5119K(9216K)] [ParOldGen: 34256K->34254K(34304K)] 39376K->39374K(43520K), [Metaspace: 3534K->3534K(1056768K)], 0.0437925 secs] [Times: user=0.31 sys=0.00, real=0.05 secs] 
2019-09-17T08:51:10.321-0530: 46.493: [Full GC (Ergonomics) [PSYoungGen: 5119K->5119K(9216K)] [ParOldGen: 34254K->34254K(34304K)] 39374K->39374K(43520K), [Metaspace: 3534K->3534K(1056768K)], 0.0443848 secs] [Times: user=0.30 sys=0.00, real=0.04 secs] 
2019-09-17T08:51:10.366-0530: 46.538: [Full GC (Ergonomics) [PSYoungGen: 5119K->5119K(9216K)] [ParOldGen: 34257K->34254K(34304K)] 39377K->39374K(43520K), [Metaspace: 3534K->3534K(1056768K)], 0.0435457 secs] [Times: user=0.31 sys=0.00, real=0.04 secs] 
2019-09-17T08:51:10.410-0530: 46.582: [Full GC (Ergonomics) [PSYoungGen: 5119K->5119K(9216K)] [ParOldGen: 34254K->34254K(34304K)] 39374K->39374K(43520K), [Metaspace: 3534K->3534K(1056768K)], 0.0437175 secs] [Times: user=0.31 sys=0.00, real=0.04 secs] 
2019-09-17T08:51:10.454-0530: 46.626: [Full GC (Ergonomics) [PSYoungGen: 5119K->5119K(9216K)] [ParOldGen: 34257K->34255K(34304K)] 39377K->39375K(43520K), [Metaspace: 3534K->3534K(1056768K)], 0.0445379 secs] [Times: user=0.32 sys=0.00, real=0.04 secs] 
2019-09-17T08:51:10.498-0530: 46.670: [Full GC (Ergonomics) [PSYoungGen: 5119K->5119K(9216K)] [ParOldGen: 34255K->34255K(34304K)] 39375K->39375K(43520K), [Metaspace: 3534K->3534K(1056768K)], 0.0439206 secs] [Times: user=0.28 sys=0.00, real=0.05 secs] 
2019-09-17T08:51:10.543-0530: 46.715: [Full GC (Ergonomics) [PSYoungGen: 5119K->5119K(9216K)] [ParOldGen: 34258K->34255K(34304K)] 39378K->39375K(43520K), [Metaspace: 3534K->3534K(1056768K)], 0.0433551 secs] [Times: user=0.31 sys=0.01, real=0.04 secs] 
2019-09-17T08:51:10.586-0530: 46.758: [Full GC (Ergonomics) [PSYoungGen: 5119K->5119K(9216K)] [ParOldGen: 34255K->34255K(34304K)] 39375K->39375K(43520K), [Metaspace: 3534K->3534K(1056768K)], 0.0432261 secs] [Times: user=0.29 sys=0.00, real=0.05 secs] 
2019-09-17T08:51:10.630-0530: 46.802: [Full GC (Ergonomics) [PSYoungGen: 5119K->5119K(9216K)] [ParOldGen: 34257K->34256K(34304K)] 39377K->39376K(43520K), [Metaspace: 3534K->3534K(1056768K)], 0.0437505 secs] [Times: user=0.30 sys=0.00, real=0.04 secs] 
2019-09-17T08:51:10.674-0530: 46.846: [Full GC (Ergonomics) [PSYoungGen: 5119K->5119K(9216K)] [ParOldGen: 34256K->34256K(34304K)] 39376K->39376K(43520K), [Metaspace: 3534K->3534K(1056768K)], 0.0445647 secs] [Times: user=0.31 sys=0.00, real=0.04 secs] 
2019-09-17T08:51:10.719-0530: 46.891: [Full GC (Ergonomics) [PSYoungGen: 5119K->5119K(9216K)] [ParOldGen: 34259K->34256K(34304K)] 39379K->39376K(43520K), [Metaspace: 3534K->3534K(1056768K)], 0.0440972 secs] [Times: user=0.31 sys=0.00, real=0.05 secs] 
2019-09-17T08:51:10.763-0530: 46.935: [Full GC (Ergonomics) [PSYoungGen: 5120K->5119K(9216K)] [ParOldGen: 34259K->34256K(34304K)] 39379K->39376K(43520K), [Metaspace: 3534K->3534K(1056768K)], 0.0438808 secs] [Times: user=0.30 sys=0.00, real=0.04 secs] 
2019-09-17T08:51:10.808-0530: 46.980: [Full GC (Ergonomics) [PSYoungGen: 5119K->5119K(9216K)] [ParOldGen: 34259K->34257K(34304K)] 39379K->39377K(43520K), [Metaspace: 3534K->3534K(1056768K)], 0.0442900 secs] [Times: user=0.31 sys=0.00, real=0.05 secs] 
2019-09-17T08:51:10.853-0530: 47.024: [Full GC (Ergonomics) [PSYoungGen: 5119K->5119K(9216K)] [ParOldGen: 34260K->34257K(34304K)] 39380K->39377K(43520K), [Metaspace: 3534K->3534K(1056768K)], 0.0428368 secs] [Times: user=0.29 sys=0.01, real=0.04 secs] 
2019-09-17T08:51:10.896-0530: 47.068: [Full GC (Ergonomics) [PSYoungGen: 5119K->5119K(9216K)] [ParOldGen: 34257K->34257K(34304K)] 39377K->39377K(43520K), [Metaspace: 3534K->3534K(1056768K)], 0.0427498 secs] [Times: user=0.29 sys=0.00, real=0.04 secs] 
2019-09-17T08:51:10.939-0530: 47.111: [Full GC (Ergonomics) [PSYoungGen: 5120K->5120K(9216K)] [ParOldGen: 34257K->34257K(34304K)] 39377K->39377K(43520K), [Metaspace: 3534K->3534K(1056768K)], 0.0437466 secs] [Times: user=0.30 sys=0.00, real=0.05 secs] 
2019-09-17T08:51:10.983-0530: 47.155: [Full GC (Ergonomics) [PSYoungGen: 5120K->5119K(9216K)] [ParOldGen: 34260K->34258K(34304K)] 39380K->39378K(43520K), [Metaspace: 3534K->3534K(1056768K)], 0.0427482 secs] [Times: user=0.32 sys=0.00, real=0.04 secs] 
2019-09-17T08:51:11.026-0530: 47.198: [Full GC (Ergonomics) [PSYoungGen: 5119K->5119K(9216K)] [ParOldGen: 34260K->34258K(34304K)] 39380K->39378K(43520K), [Metaspace: 3534K->3534K(1056768K)], 0.0431306 secs] [Times: user=0.32 sys=0.00, real=0.04 secs] 
2019-09-17T08:51:11.069-0530: 47.241: [Full GC (Ergonomics) [PSYoungGen: 5119K->5119K(9216K)] [ParOldGen: 34258K->34258K(34304K)] 39378K->39378K(43520K), [Metaspace: 3534K->3534K(1056768K)], 0.0437653 secs] [Times: user=0.32 sys=0.00, real=0.05 secs] 
2019-09-17T08:51:11.113-0530: 47.285: [Full GC (Ergonomics) [PSYoungGen: 5119K->5119K(9216K)] [ParOldGen: 34261K->34258K(34304K)] 39381K->39378K(43520K), [Metaspace: 3534K->3534K(1056768K)], 0.0437409 secs] [Times: user=0.32 sys=0.00, real=0.04 secs] 
2019-09-17T08:51:11.157-0530: 47.329: [Full GC (Ergonomics) [PSYoungGen: 5119K->5119K(9216K)] [ParOldGen: 34258K->34258K(34304K)] 39378K->39378K(43520K), [Metaspace: 3534K->3534K(1056768K)], 0.0434737 secs] [Times: user=0.32 sys=0.01, real=0.05 secs] 
2019-09-17T08:51:11.201-0530: 47.373: [Full GC (Ergonomics) [PSYoungGen: 5119K->5119K(9216K)] [ParOldGen: 34261K->34259K(34304K)] 39381K->39379K(43520K), [Metaspace: 3534K->3534K(1056768K)], 0.0441563 secs] [Times: user=0.31 sys=0.00, real=0.04 secs] 
2019-09-17T08:51:11.246-0530: 47.418: [Full GC (Ergonomics) [PSYoungGen: 5120K->5120K(9216K)] [ParOldGen: 34259K->34259K(34304K)] 39379K->39379K(43520K), [Metaspace: 3534K->3534K(1056768K)], 0.0441463 secs] [Times: user=0.30 sys=0.00, real=0.05 secs] 
2019-09-17T08:51:11.290-0530: 47.462: [Full GC (Ergonomics) [PSYoungGen: 5120K->5119K(9216K)] [ParOldGen: 34262K->34259K(34304K)] 39382K->39379K(43520K), [Metaspace: 3534K->3534K(1056768K)], 0.0449720 secs] [Times: user=0.32 sys=0.00, real=0.04 secs] 
2019-09-17T08:51:11.335-0530: 47.507: [Full GC (Ergonomics) [PSYoungGen: 5119K->5119K(9216K)] [ParOldGen: 34259K->34259K(34304K)] 39379K->39379K(43520K), [Metaspace: 3534K->3534K(1056768K)], 0.0505099 secs] [Times: user=0.32 sys=0.00, real=0.05 secs] 
2019-09-17T08:51:11.386-0530: 47.558: [Full GC (Ergonomics) [PSYoungGen: 5119K->5119K(9216K)] [ParOldGen: 34262K->34260K(34304K)] 39382K->39380K(43520K), [Metaspace: 3534K->3534K(1056768K)], 0.0444951 secs] [Times: user=0.30 sys=0.00, real=0.05 secs] 
2019-09-17T08:51:11.431-0530: 47.603: [Full GC (Ergonomics) [PSYoungGen: 5120K->5120K(9216K)] [ParOldGen: 34260K->34260K(34304K)] 39380K->39380K(43520K), [Metaspace: 3534K->3534K(1056768K)], 0.0430219 secs] [Times: user=0.31 sys=0.01, real=0.04 secs] 
2019-09-17T08:51:11.474-0530: 47.646: [Full GC (Ergonomics) [PSYoungGen: 5120K->5119K(9216K)] [ParOldGen: 34263K->34260K(34304K)] 39383K->39380K(43520K), [Metaspace: 3534K->3534K(1056768K)], 0.0438200 secs] [Times: user=0.31 sys=0.00, real=0.04 secs] 
2019-09-17T08:51:11.518-0530: 47.690: [Full GC (Ergonomics) [PSYoungGen: 5120K->5119K(9216K)] [ParOldGen: 34263K->34261K(34304K)] 39383K->39381K(43520K), [Metaspace: 3534K->3534K(1056768K)], 0.0426137 secs] [Times: user=0.30 sys=0.00, real=0.05 secs] 
2019-09-17T08:51:11.561-0530: 47.733: [Full GC (Ergonomics) [PSYoungGen: 5119K->5119K(9216K)] [ParOldGen: 34263K->34261K(34304K)] 39383K->39381K(43520K), [Metaspace: 3534K->3534K(1056768K)], 0.0434744 secs] [Times: user=0.30 sys=0.00, real=0.04 secs] 
2019-09-17T08:51:11.605-0530: 47.777: [Full GC (Ergonomics) [PSYoungGen: 5119K->5119K(9216K)] [ParOldGen: 34264K->34261K(34304K)] 39384K->39381K(43520K), [Metaspace: 3534K->3534K(1056768K)], 0.0435421 secs] [Times: user=0.30 sys=0.00, real=0.04 secs] 
2019-09-17T08:51:11.649-0530: 47.821: [Full GC (Ergonomics) [PSYoungGen: 5119K->5119K(9216K)] [ParOldGen: 34264K->34262K(34304K)] 39384K->39382K(43520K), [Metaspace: 3534K->3534K(1056768K)], 0.0425427 secs] [Times: user=0.31 sys=0.00, real=0.05 secs] 
2019-09-17T08:51:11.692-0530: 47.864: [Full GC (Ergonomics) [PSYoungGen: 5119K->5119K(9216K)] [ParOldGen: 34265K->34262K(34304K)] 39385K->39382K(43520K), [Metaspace: 3534K->3534K(1056768K)], 0.0447379 secs] [Times: user=0.31 sys=0.01, real=0.04 secs] 
2019-09-17T08:51:11.737-0530: 47.909: [Full GC (Ergonomics) [PSYoungGen: 5119K->5119K(9216K)] [ParOldGen: 34265K->34263K(34304K)] 39385K->39383K(43520K), [Metaspace: 3534K->3534K(1056768K)], 0.0465950 secs] [Times: user=0.26 sys=0.00, real=0.05 secs] 
2019-09-17T08:51:11.784-0530: 47.956: [Full GC (Ergonomics) [PSYoungGen: 5119K->5119K(9216K)] [ParOldGen: 34265K->34263K(34304K)] 39385K->39383K(43520K), [Metaspace: 3534K->3534K(1056768K)], 0.0445036 secs] [Times: user=0.27 sys=0.00, real=0.04 secs] 
2019-09-17T08:51:11.828-0530: 48.000: [Full GC (Ergonomics) [PSYoungGen: 5119K->5119K(9216K)] [ParOldGen: 34263K->34263K(34304K)] 39383K->39383K(43520K), [Metaspace: 3534K->3534K(1056768K)], 0.0463230 secs] [Times: user=0.30 sys=0.00, real=0.05 secs] 
2019-09-17T08:51:11.875-0530: 48.047: [Full GC (Ergonomics) [PSYoungGen: 5119K->5119K(9216K)] [ParOldGen: 34266K->34263K(34304K)] 39386K->39383K(43520K), [Metaspace: 3534K->3534K(1056768K)], 0.0428097 secs] [Times: user=0.32 sys=0.00, real=0.04 secs] 
2019-09-17T08:51:11.918-0530: 48.090: [Full GC (Ergonomics) [PSYoungGen: 5120K->5120K(9216K)] [ParOldGen: 34263K->34263K(34304K)] 39383K->39383K(43520K), [Metaspace: 3534K->3534K(1056768K)], 0.0443469 secs] [Times: user=0.29 sys=0.00, real=0.05 secs] 
2019-09-17T08:51:11.963-0530: 48.135: [Full GC (Ergonomics) [PSYoungGen: 5120K->5119K(9216K)] [ParOldGen: 34266K->34264K(34304K)] 39386K->39384K(43520K), [Metaspace: 3534K->3534K(1056768K)], 0.0432628 secs] [Times: user=0.27 sys=0.01, real=0.04 secs] 
2019-09-17T08:51:12.007-0530: 48.179: [Full GC (Ergonomics) [PSYoungGen: 5119K->5119K(9216K)] [ParOldGen: 34267K->34264K(34304K)] 39387K->39384K(43520K), [Metaspace: 3534K->3534K(1056768K)], 0.0437061 secs] [Times: user=0.31 sys=0.00, real=0.05 secs] 
2019-09-17T08:51:12.051-0530: 48.223: [Full GC (Ergonomics) [PSYoungGen: 5119K->5119K(9216K)] [ParOldGen: 34264K->34264K(34304K)] 39384K->39384K(43520K), [Metaspace: 3534K->3534K(1056768K)], 0.0428593 secs] [Times: user=0.29 sys=0.00, real=0.04 secs] 
2019-09-17T08:51:12.094-0530: 48.266: [Full GC (Ergonomics) [PSYoungGen: 5119K->5119K(9216K)] [ParOldGen: 34267K->34265K(34304K)] 39387K->39385K(43520K), [Metaspace: 3534K->3534K(1056768K)], 0.0436271 secs] [Times: user=0.31 sys=0.00, real=0.04 secs] 
2019-09-17T08:51:12.138-0530: 48.310: [Full GC (Ergonomics) [PSYoungGen: 5119K->5119K(9216K)] [ParOldGen: 34265K->34265K(34304K)] 39385K->39385K(43520K), [Metaspace: 3534K->3534K(1056768K)], 0.0439818 secs] [Times: user=0.31 sys=0.00, real=0.05 secs] 
2019-09-17T08:51:12.182-0530: 48.354: [Full GC (Ergonomics) [PSYoungGen: 5119K->5119K(9216K)] [ParOldGen: 34265K->34265K(34304K)] 39385K->39385K(43520K), [Metaspace: 3534K->3534K(1056768K)], 0.0432384 secs] [Times: user=0.32 sys=0.00, real=0.04 secs] 
2019-09-17T08:51:12.226-0530: 48.398: [Full GC (Ergonomics) [PSYoungGen: 5119K->5119K(9216K)] [ParOldGen: 34268K->34265K(34304K)] 39388K->39385K(43520K), [Metaspace: 3534K->3534K(1056768K)], 0.0443208 secs] [Times: user=0.31 sys=0.00, real=0.05 secs] 
2019-09-17T08:51:12.270-0530: 48.442: [Full GC (Ergonomics) [PSYoungGen: 5119K->5119K(9216K)] [ParOldGen: 34268K->34266K(34304K)] 39388K->39386K(43520K), [Metaspace: 3534K->3534K(1056768K)], 0.0444263 secs] [Times: user=0.33 sys=0.01, real=0.04 secs] 
2019-09-17T08:51:12.315-0530: 48.487: [Full GC (Ergonomics) [PSYoungGen: 5120K->5119K(9216K)] [ParOldGen: 34269K->34266K(34304K)] 39389K->39386K(43520K), [Metaspace: 3534K->3534K(1056768K)], 0.0426491 secs] [Times: user=0.32 sys=0.00, real=0.04 secs] 
2019-09-17T08:51:12.358-0530: 48.530: [Full GC (Ergonomics) [PSYoungGen: 5120K->5120K(9216K)] [ParOldGen: 34266K->34266K(34304K)] 39386K->39386K(43520K), [Metaspace: 3534K->3534K(1056768K)], 0.0430550 secs] [Times: user=0.31 sys=0.00, real=0.05 secs] 
2019-09-17T08:51:12.401-0530: 48.573: [Full GC (Ergonomics) [PSYoungGen: 5120K->5119K(9216K)] [ParOldGen: 34269K->34266K(34304K)] 39389K->39386K(43520K), [Metaspace: 3534K->3534K(1056768K)], 0.0433447 secs] [Times: user=0.30 sys=0.00, real=0.04 secs] 
2019-09-17T08:51:12.445-0530: 48.617: [Full GC (Ergonomics) [PSYoungGen: 5119K->5119K(9216K)] [ParOldGen: 34266K->34266K(34304K)] 39386K->39386K(43520K), [Metaspace: 3534K->3534K(1056768K)], 0.0438133 secs] [Times: user=0.31 sys=0.00, real=0.04 secs] 
2019-09-17T08:51:12.489-0530: 48.661: [Full GC (Ergonomics) [PSYoungGen: 5119K->5119K(9216K)] [ParOldGen: 34266K->34266K(34304K)] 39386K->39386K(43520K), [Metaspace: 3534K->3534K(1056768K)], 0.0437904 secs] [Times: user=0.31 sys=0.00, real=0.05 secs] 
2019-09-17T08:51:12.533-0530: 48.705: [Full GC (Ergonomics) [PSYoungGen: 5119K->5119K(9216K)] [ParOldGen: 34269K->34267K(34304K)] 39389K->39387K(43520K), [Metaspace: 3534K->3534K(1056768K)], 0.0438252 secs] [Times: user=0.28 sys=0.00, real=0.04 secs] 
2019-09-17T08:51:12.578-0530: 48.750: [Full GC (Ergonomics) [PSYoungGen: 5119K->5119K(9216K)] [ParOldGen: 34270K->34267K(34304K)] 39390K->39387K(43520K), [Metaspace: 3534K->3534K(1056768K)], 0.0455035 secs] [Times: user=0.32 sys=0.01, real=0.05 secs] 
2019-09-17T08:51:12.623-0530: 48.795: [Full GC (Ergonomics) [PSYoungGen: 5119K->5119K(9216K)] [ParOldGen: 34270K->34268K(34304K)] 39390K->39388K(43520K), [Metaspace: 3534K->3534K(1056768K)], 0.0448547 secs] [Times: user=0.31 sys=0.00, real=0.04 secs] 
2019-09-17T08:51:12.669-0530: 48.841: [Full GC (Ergonomics) [PSYoungGen: 5119K->5119K(9216K)] [ParOldGen: 34268K->34268K(34304K)] 39388K->39388K(43520K), [Metaspace: 3534K->3534K(1056768K)], 0.0439284 secs] [Times: user=0.30 sys=0.00, real=0.05 secs] 
2019-09-17T08:51:12.713-0530: 48.885: [Full GC (Ergonomics) [PSYoungGen: 5119K->5119K(9216K)] [ParOldGen: 34271K->34268K(34304K)] 39391K->39388K(43520K), [Metaspace: 3534K->3534K(1056768K)], 0.0443646 secs] [Times: user=0.31 sys=0.00, real=0.04 secs] 
2019-09-17T08:51:12.758-0530: 48.930: [Full GC (Ergonomics) [PSYoungGen: 5119K->5119K(9216K)] [ParOldGen: 34268K->34268K(34304K)] 39388K->39388K(43520K), [Metaspace: 3534K->3534K(1056768K)], 0.0451004 secs] [Times: user=0.31 sys=0.00, real=0.05 secs] 
2019-09-17T08:51:12.803-0530: 48.975: [Full GC (Ergonomics) [PSYoungGen: 5119K->5119K(9216K)] [ParOldGen: 34268K->34268K(34304K)] 39388K->39388K(43520K), [Metaspace: 3534K->3534K(1056768K)], 0.0452198 secs] [Times: user=0.32 sys=0.01, real=0.04 secs] 
2019-09-17T08:51:12.849-0530: 49.021: [Full GC (Ergonomics) [PSYoungGen: 5119K->5119K(9216K)] [ParOldGen: 34271K->34269K(34304K)] 39391K->39388K(43520K), [Metaspace: 3534K->3534K(1056768K)], 0.0435622 secs] [Times: user=0.31 sys=0.00, real=0.05 secs] 
2019-09-17T08:51:12.892-0530: 49.064: [Full GC (Ergonomics) [PSYoungGen: 5119K->5119K(9216K)] [ParOldGen: 34271K->34269K(34304K)] 39391K->39389K(43520K), [Metaspace: 3534K->3534K(1056768K)], 0.0447807 secs] [Times: user=0.31 sys=0.00, real=0.04 secs] 
2019-09-17T08:51:12.937-0530: 49.109: [Full GC (Ergonomics) [PSYoungGen: 5119K->5119K(9216K)] [ParOldGen: 34269K->34269K(34304K)] 39389K->39389K(43520K), [Metaspace: 3534K->3534K(1056768K)], 0.0439999 secs] [Times: user=0.29 sys=0.00, real=0.05 secs] 
2019-09-17T08:51:12.982-0530: 49.154: [Full GC (Ergonomics) [PSYoungGen: 5119K->5119K(9216K)] [ParOldGen: 34272K->34269K(34304K)] 39392K->39389K(43520K), [Metaspace: 3534K->3534K(1056768K)], 0.0431297 secs] [Times: user=0.32 sys=0.00, real=0.04 secs] 
2019-09-17T08:51:13.025-0530: 49.197: [Full GC (Ergonomics) [PSYoungGen: 5120K->5120K(9216K)] [ParOldGen: 34269K->34269K(34304K)] 39389K->39389K(43520K), [Metaspace: 3534K->3534K(1056768K)], 0.0429437 secs] [Times: user=0.32 sys=0.01, real=0.04 secs] 
2019-09-17T08:51:13.068-0530: 49.241: [Full GC (Ergonomics) [PSYoungGen: 5120K->5119K(9216K)] [ParOldGen: 34272K->34270K(34304K)] 39392K->39390K(43520K), [Metaspace: 3534K->3534K(1056768K)], 0.0431180 secs] [Times: user=0.32 sys=0.00, real=0.05 secs] 
2019-09-17T08:51:13.112-0530: 49.284: [Full GC (Ergonomics) [PSYoungGen: 5119K->5119K(9216K)] [ParOldGen: 34270K->34270K(34304K)] 39390K->39390K(43520K), [Metaspace: 3534K->3534K(1056768K)], 0.0441055 secs] [Times: user=0.32 sys=0.00, real=0.04 secs] 
2019-09-17T08:51:13.156-0530: 49.328: [Full GC (Ergonomics) [PSYoungGen: 5119K->5119K(9216K)] [ParOldGen: 34273K->34270K(34304K)] 39393K->39390K(43520K), [Metaspace: 3534K->3534K(1056768K)], 0.0442916 secs] [Times: user=0.32 sys=0.00, real=0.05 secs] 
2019-09-17T08:51:13.201-0530: 49.373: [Full GC (Ergonomics) [PSYoungGen: 5119K->5119K(9216K)] [ParOldGen: 34270K->34270K(34304K)] 39390K->39390K(43520K), [Metaspace: 3534K->3534K(1056768K)], 0.0455598 secs] [Times: user=0.31 sys=0.00, real=0.04 secs] 
2019-09-17T08:51:13.247-0530: 49.419: [Full GC (Ergonomics) [PSYoungGen: 5120K->5119K(9216K)] [ParOldGen: 34273K->34271K(34304K)] 39393K->39391K(43520K), [Metaspace: 3534K->3534K(1056768K)], 0.0446888 secs] [Times: user=0.30 sys=0.01, real=0.05 secs] 
2019-09-17T08:51:13.292-0530: 49.464: [Full GC (Ergonomics) [PSYoungGen: 5119K->5119K(9216K)] [ParOldGen: 34271K->34271K(34304K)] 39391K->39391K(43520K), [Metaspace: 3534K->3534K(1056768K)], 0.0455654 secs] [Times: user=0.31 sys=0.00, real=0.04 secs] 
2019-09-17T08:51:13.337-0530: 49.509: [Full GC (Ergonomics) [PSYoungGen: 5119K->5119K(9216K)] [ParOldGen: 34271K->34271K(34304K)] 39391K->39391K(43520K), [Metaspace: 3534K->3534K(1056768K)], 0.0450998 secs] [Times: user=0.30 sys=0.00, real=0.05 secs] 
2019-09-17T08:51:13.383-0530: 49.555: [Full GC (Ergonomics) [PSYoungGen: 5119K->5119K(9216K)] [ParOldGen: 34274K->34271K(34304K)] 39394K->39391K(43520K), [Metaspace: 3534K->3534K(1056768K)], 0.0436339 secs] [Times: user=0.32 sys=0.00, real=0.04 secs] 
2019-09-17T08:51:13.427-0530: 49.599: [Full GC (Ergonomics) [PSYoungGen: 5120K->5120K(9216K)] [ParOldGen: 34271K->34271K(34304K)] 39391K->39391K(43520K), [Metaspace: 3534K->3534K(1056768K)], 0.0431533 secs] [Times: user=0.31 sys=0.00, real=0.05 secs] 
2019-09-17T08:51:13.470-0530: 49.642: [Full GC (Ergonomics) [PSYoungGen: 5120K->5119K(9216K)] [ParOldGen: 34273K->34272K(34304K)] 39393K->39391K(43520K), [Metaspace: 3534K->3534K(1056768K)], 0.0441755 secs] [Times: user=0.32 sys=0.00, real=0.04 secs] 
2019-09-17T08:51:13.515-0530: 49.687: [Full GC (Ergonomics) [PSYoungGen: 5119K->5119K(9216K)] [ParOldGen: 34272K->34271K(34304K)] 39392K->39391K(43520K), [Metaspace: 3534K->3534K(1056768K)], 0.0445084 secs] [Times: user=0.29 sys=0.01, real=0.04 secs] 
2019-09-17T08:51:13.560-0530: 49.732: [Full GC (Ergonomics) [PSYoungGen: 5120K->5120K(9216K)] [ParOldGen: 34271K->34271K(34304K)] 39391K->39391K(43520K), [Metaspace: 3534K->3534K(1056768K)], 0.0431912 secs] [Times: user=0.31 sys=0.00, real=0.04 secs] 
2019-09-17T08:51:13.603-0530: 49.775: [Full GC (Ergonomics) [PSYoungGen: 5120K->5119K(9216K)] [ParOldGen: 34275K->34272K(34304K)] 39395K->39392K(43520K), [Metaspace: 3534K->3534K(1056768K)], 0.0441719 secs] [Times: user=0.32 sys=0.00, real=0.04 secs] 
2019-09-17T08:51:13.648-0530: 49.820: [Full GC (Ergonomics) [PSYoungGen: 5120K->5119K(9216K)] [ParOldGen: 34275K->34272K(34304K)] 39395K->39392K(43520K), [Metaspace: 3534K->3534K(1056768K)], 0.0440064 secs] [Times: user=0.31 sys=0.00, real=0.05 secs] 
2019-09-17T08:51:13.692-0530: 49.864: [Full GC (Ergonomics) [PSYoungGen: 5119K->5119K(9216K)] [ParOldGen: 34272K->34272K(34304K)] 39392K->39392K(43520K), [Metaspace: 3534K->3534K(1056768K)], 0.0427600 secs] [Times: user=0.31 sys=0.00, real=0.04 secs] 
2019-09-17T08:51:13.735-0530: 49.907: [Full GC (Ergonomics) [PSYoungGen: 5119K->5119K(9216K)] [ParOldGen: 34272K->34272K(34304K)] 39392K->39392K(43520K), [Metaspace: 3534K->3534K(1056768K)], 0.0442693 secs] [Times: user=0.31 sys=0.00, real=0.04 secs] 
2019-09-17T08:51:13.779-0530: 49.952: [Full GC (Ergonomics) [PSYoungGen: 5119K->5119K(9216K)] [ParOldGen: 34276K->34273K(34304K)] 39396K->39393K(43520K), [Metaspace: 3534K->3534K(1056768K)], 0.0432800 secs] [Times: user=0.31 sys=0.00, real=0.05 secs] 
2019-09-17T08:51:13.823-0530: 49.995: [Full GC (Ergonomics) [PSYoungGen: 5119K->5119K(9216K)] [ParOldGen: 34275K->34273K(34304K)] 39395K->39393K(43520K), [Metaspace: 3534K->3534K(1056768K)], 0.0441136 secs] [Times: user=0.31 sys=0.01, real=0.04 secs] 
2019-09-17T08:51:13.868-0530: 50.040: [Full GC (Ergonomics) [PSYoungGen: 5119K->5119K(9216K)] [ParOldGen: 34276K->34274K(34304K)] 39396K->39394K(43520K), [Metaspace: 3534K->3534K(1056768K)], 0.0447059 secs] [Times: user=0.31 sys=0.00, real=0.05 secs] 
2019-09-17T08:51:13.912-0530: 50.084: [Full GC (Ergonomics) [PSYoungGen: 5119K->5119K(9216K)] [ParOldGen: 34274K->34274K(34304K)] 39394K->39394K(43520K), [Metaspace: 3534K->3534K(1056768K)], 0.0444129 secs] [Times: user=0.32 sys=0.00, real=0.04 secs] 
2019-09-17T08:51:13.957-0530: 50.129: [Full GC (Ergonomics) [PSYoungGen: 5119K->5119K(9216K)] [ParOldGen: 34277K->34274K(34304K)] 39397K->39394K(43520K), [Metaspace: 3534K->3534K(1056768K)], 0.0446798 secs] [Times: user=0.31 sys=0.00, real=0.05 secs] 
2019-09-17T08:51:14.002-0530: 50.174: [Full GC (Ergonomics) [PSYoungGen: 5119K->5119K(9216K)] [ParOldGen: 34277K->34274K(34304K)] 39397K->39394K(43520K), [Metaspace: 3534K->3534K(1056768K)], 0.0449566 secs] [Times: user=0.31 sys=0.00, real=0.04 secs] 
2019-09-17T08:51:14.047-0530: 50.219: [Full GC (Ergonomics) [PSYoungGen: 5119K->5119K(9216K)] [ParOldGen: 34274K->34274K(34304K)] 39394K->39394K(43520K), [Metaspace: 3534K->3534K(1056768K)], 0.0431396 secs] [Times: user=0.31 sys=0.01, real=0.05 secs] 
2019-09-17T08:51:14.091-0530: 50.263: [Full GC (Ergonomics) [PSYoungGen: 5119K->5119K(9216K)] [ParOldGen: 34278K->34275K(34304K)] 39398K->39395K(43520K), [Metaspace: 3534K->3534K(1056768K)], 0.0447746 secs] [Times: user=0.32 sys=0.00, real=0.04 secs] 
2019-09-17T08:51:14.136-0530: 50.308: [Full GC (Ergonomics) [PSYoungGen: 5119K->5119K(9216K)] [ParOldGen: 34275K->34275K(34304K)] 39395K->39395K(43520K), [Metaspace: 3534K->3534K(1056768K)], 0.0439271 secs] [Times: user=0.30 sys=0.00, real=0.05 secs] 
2019-09-17T08:51:14.180-0530: 50.352: [Full GC (Ergonomics) [PSYoungGen: 5119K->5119K(9216K)] [ParOldGen: 34277K->34275K(34304K)] 39397K->39395K(43520K), [Metaspace: 3534K->3534K(1056768K)], 0.0431944 secs] [Times: user=0.31 sys=0.00, real=0.04 secs] 
2019-09-17T08:51:14.224-0530: 50.396: [Full GC (Ergonomics) [PSYoungGen: 5119K->5119K(9216K)] [ParOldGen: 34275K->34275K(34304K)] 39395K->39395K(43520K), [Metaspace: 3534K->3534K(1056768K)], 0.0450525 secs] [Times: user=0.31 sys=0.00, real=0.04 secs] 
2019-09-17T08:51:14.269-0530: 50.441: [Full GC (Ergonomics) [PSYoungGen: 5119K->5119K(9216K)] [ParOldGen: 34278K->34276K(34304K)] 39398K->39396K(43520K), [Metaspace: 3534K->3534K(1056768K)], 0.0438988 secs] [Times: user=0.31 sys=0.01, real=0.05 secs] 
2019-09-17T08:51:14.313-0530: 50.485: [Full GC (Ergonomics) [PSYoungGen: 5119K->5119K(9216K)] [ParOldGen: 34278K->34276K(34304K)] 39398K->39396K(43520K), [Metaspace: 3534K->3534K(1056768K)], 0.0436422 secs] [Times: user=0.32 sys=0.00, real=0.04 secs] 
2019-09-17T08:51:14.357-0530: 50.529: [Full GC (Ergonomics) [PSYoungGen: 5119K->5119K(9216K)] [ParOldGen: 34279K->34277K(34304K)] 39399K->39397K(43520K), [Metaspace: 3534K->3534K(1056768K)], 0.0450286 secs] [Times: user=0.31 sys=0.00, real=0.05 secs] 
2019-09-17T08:51:14.403-0530: 50.575: [Full GC (Ergonomics) [PSYoungGen: 5119K->5119K(9216K)] [ParOldGen: 34280K->34277K(34304K)] 39400K->39397K(43520K), [Metaspace: 3534K->3534K(1056768K)], 0.0447733 secs] [Times: user=0.31 sys=0.00, real=0.04 secs] 
2019-09-17T08:51:14.448-0530: 50.620: [Full GC (Ergonomics) [PSYoungGen: 5120K->5120K(9216K)] [ParOldGen: 34280K->34277K(34304K)] 39400K->39397K(43520K), [Metaspace: 3534K->3534K(1056768K)], 0.0429690 secs] [Times: user=0.30 sys=0.00, real=0.05 secs] 
2019-09-17T08:51:14.491-0530: 50.663: [Full GC (Ergonomics) [PSYoungGen: 5120K->5120K(9216K)] [ParOldGen: 34280K->34278K(34304K)] 39400K->39398K(43520K), [Metaspace: 3534K->3534K(1056768K)], 0.0438079 secs] [Times: user=0.31 sys=0.00, real=0.04 secs] 
2019-09-17T08:51:14.536-0530: 50.708: [Full GC (Ergonomics) [PSYoungGen: 5120K->5119K(9216K)] [ParOldGen: 34281K->34278K(34304K)] 39401K->39398K(43520K), [Metaspace: 3534K->3534K(1056768K)], 0.0466674 secs] [Times: user=0.31 sys=0.00, real=0.05 secs] 
2019-09-17T08:51:14.582-0530: 50.754: [Full GC (Ergonomics) [PSYoungGen: 5119K->5119K(9216K)] [ParOldGen: 34278K->34278K(34304K)] 39398K->39398K(43520K), [Metaspace: 3534K->3534K(1056768K)], 0.0450779 secs] [Times: user=0.32 sys=0.00, real=0.04 secs] 
2019-09-17T08:51:14.628-0530: 50.800: [Full GC (Ergonomics) [PSYoungGen: 5119K->5119K(9216K)] [ParOldGen: 34281K->34278K(34304K)] 39401K->39398K(43520K), [Metaspace: 3534K->3534K(1056768K)], 0.0454385 secs] [Times: user=0.31 sys=0.00, real=0.05 secs] 
2019-09-17T08:51:14.673-0530: 50.846: [Full GC (Ergonomics) [PSYoungGen: 5120K->5120K(9216K)] [ParOldGen: 34278K->34278K(34304K)] 39398K->39398K(43520K), [Metaspace: 3534K->3534K(1056768K)], 0.0445703 secs] [Times: user=0.32 sys=0.00, real=0.04 secs] 
2019-09-17T08:51:14.718-0530: 50.891: [Full GC (Ergonomics) [PSYoungGen: 5120K->5119K(9216K)] [ParOldGen: 34281K->34279K(34304K)] 39401K->39399K(43520K), [Metaspace: 3534K->3534K(1056768K)], 0.0440181 secs] [Times: user=0.30 sys=0.00, real=0.05 secs] 
2019-09-17T08:51:14.763-0530: 50.935: [Full GC (Ergonomics) [PSYoungGen: 5120K->5119K(9216K)] [ParOldGen: 34282K->34279K(34304K)] 39402K->39399K(43520K), [Metaspace: 3534K->3534K(1056768K)], 0.0438945 secs] [Times: user=0.33 sys=0.01, real=0.04 secs] 
2019-09-17T08:51:14.807-0530: 50.979: [Full GC (Ergonomics) [PSYoungGen: 5120K->5120K(9216K)] [ParOldGen: 34279K->34279K(34304K)] 39399K->39399K(43520K), [Metaspace: 3534K->3534K(1056768K)], 0.0431679 secs] [Times: user=0.31 sys=0.00, real=0.05 secs] 
2019-09-17T08:51:14.850-0530: 51.023: [Full GC (Ergonomics) [PSYoungGen: 5120K->5119K(9216K)] [ParOldGen: 34282K->34280K(34304K)] 39402K->39400K(43520K), [Metaspace: 3534K->3534K(1056768K)], 0.0431328 secs] [Times: user=0.32 sys=0.00, real=0.04 secs] 
2019-09-17T08:51:14.894-0530: 51.066: [Full GC (Ergonomics) [PSYoungGen: 5120K->5120K(9216K)] [ParOldGen: 34280K->34280K(34304K)] 39400K->39400K(43520K), [Metaspace: 3534K->3534K(1056768K)], 0.0435641 secs] [Times: user=0.32 sys=0.00, real=0.04 secs] 
2019-09-17T08:51:14.938-0530: 51.110: [Full GC (Ergonomics) [PSYoungGen: 5120K->5119K(9216K)] [ParOldGen: 34282K->34280K(34304K)] 39402K->39400K(43520K), [Metaspace: 3534K->3534K(1056768K)], 0.0439465 secs] [Times: user=0.32 sys=0.00, real=0.05 secs] 
2019-09-17T08:51:14.982-0530: 51.154: [Full GC (Ergonomics) [PSYoungGen: 5119K->5119K(9216K)] [ParOldGen: 34280K->34280K(34304K)] 39400K->39400K(43520K), [Metaspace: 3534K->3534K(1056768K)], 0.0453193 secs] [Times: user=0.31 sys=0.00, real=0.04 secs] 
2019-09-17T08:51:15.027-0530: 51.200: [Full GC (Ergonomics) [PSYoungGen: 5119K->5119K(9216K)] [ParOldGen: 34283K->34281K(34304K)] 39403K->39401K(43520K), [Metaspace: 3534K->3534K(1056768K)], 0.0447347 secs] [Times: user=0.31 sys=0.01, real=0.05 secs] 
2019-09-17T08:51:15.073-0530: 51.245: [Full GC (Ergonomics) [PSYoungGen: 5119K->5119K(9216K)] [ParOldGen: 34283K->34281K(34304K)] 39403K->39401K(43520K), [Metaspace: 3534K->3534K(1056768K)], 0.0455098 secs] [Times: user=0.32 sys=0.00, real=0.04 secs] 
2019-09-17T08:51:15.118-0530: 51.290: [Full GC (Ergonomics) [PSYoungGen: 5119K->5119K(9216K)] [ParOldGen: 34281K->34281K(34304K)] 39401K->39401K(43520K), [Metaspace: 3534K->3534K(1056768K)], 0.0451552 secs] [Times: user=0.30 sys=0.00, real=0.05 secs] 
2019-09-17T08:51:15.164-0530: 51.336: [Full GC (Ergonomics) [PSYoungGen: 5120K->5119K(9216K)] [ParOldGen: 34284K->34281K(34304K)] 39404K->39401K(43520K), [Metaspace: 3534K->3534K(1056768K)], 0.0437429 secs] [Times: user=0.31 sys=0.00, real=0.04 secs] 
2019-09-17T08:51:15.208-0530: 51.380: [Full GC (Ergonomics) [PSYoungGen: 5120K->5120K(9216K)] [ParOldGen: 34284K->34282K(34304K)] 39404K->39402K(43520K), [Metaspace: 3534K->3534K(1056768K)], 0.0441239 secs] [Times: user=0.30 sys=0.00, real=0.05 secs] 
2019-09-17T08:51:15.252-0530: 51.424: [Full GC (Ergonomics) [PSYoungGen: 5120K->5120K(9216K)] [ParOldGen: 34285K->34282K(34304K)] 39405K->39402K(43520K), [Metaspace: 3534K->3534K(1056768K)], 0.0442266 secs] [Times: user=0.32 sys=0.01, real=0.04 secs] 
2019-09-17T08:51:15.297-0530: 51.469: [Full GC (Ergonomics) [PSYoungGen: 5120K->5120K(9216K)] [ParOldGen: 34286K->34283K(34304K)] 39406K->39403K(43520K), [Metaspace: 3534K->3534K(1056768K)], 0.0430824 secs] [Times: user=0.30 sys=0.00, real=0.05 secs] 
2019-09-17T08:51:15.340-0530: 51.512: [Full GC (Ergonomics) [PSYoungGen: 5120K->5120K(9216K)] [ParOldGen: 34285K->34283K(34304K)] 39405K->39403K(43520K), [Metaspace: 3534K->3534K(1056768K)], 0.0442976 secs] [Times: user=0.31 sys=0.00, real=0.04 secs] 
2019-09-17T08:51:15.385-0530: 51.557: [Full GC (Ergonomics) [PSYoungGen: 5120K->5120K(9216K)] [ParOldGen: 34286K->34283K(34304K)] 39406K->39403K(43520K), [Metaspace: 3534K->3534K(1056768K)], 0.0442350 secs] [Times: user=0.29 sys=0.00, real=0.04 secs] 
2019-09-17T08:51:15.430-0530: 51.602: [Full GC (Ergonomics) [PSYoungGen: 5120K->5120K(9216K)] [ParOldGen: 34286K->34284K(34304K)] 39406K->39404K(43520K), [Metaspace: 3534K->3534K(1056768K)], 0.0453857 secs] [Times: user=0.32 sys=0.00, real=0.04 secs] 
2019-09-17T08:51:15.476-0530: 51.648: [Full GC (Ergonomics) [PSYoungGen: 5120K->5120K(9216K)] [ParOldGen: 34287K->34284K(34304K)] 39407K->39404K(43520K), [Metaspace: 3534K->3534K(1056768K)], 0.0449990 secs] [Times: user=0.31 sys=0.00, real=0.05 secs] 
2019-09-17T08:51:15.521-0530: 51.693: [Full GC (Ergonomics) [PSYoungGen: 5120K->5120K(9216K)] [ParOldGen: 34287K->34285K(34304K)] 39407K->39405K(43520K), [Metaspace: 3534K->3534K(1056768K)], 0.0445641 secs] [Times: user=0.31 sys=0.01, real=0.04 secs] 
2019-09-17T08:51:15.566-0530: 51.738: [Full GC (Ergonomics) [PSYoungGen: 5120K->5120K(9216K)] [ParOldGen: 34288K->34285K(34304K)] 39408K->39405K(43520K), [Metaspace: 3534K->3534K(1056768K)], 0.0427643 secs] [Times: user=0.32 sys=0.00, real=0.04 secs] 
2019-09-17T08:51:15.609-0530: 51.781: [Full GC (Ergonomics) [PSYoungGen: 5120K->5120K(9216K)] [ParOldGen: 34288K->34286K(34304K)] 39408K->39406K(43520K), [Metaspace: 3534K->3534K(1056768K)], 0.0433816 secs] [Times: user=0.31 sys=0.00, real=0.05 secs] 
2019-09-17T08:51:15.653-0530: 51.825: [Full GC (Ergonomics) [PSYoungGen: 5120K->5120K(9216K)] [ParOldGen: 34289K->34286K(34304K)] 39409K->39406K(43520K), [Metaspace: 3534K->3534K(1056768K)], 0.0436407 secs] [Times: user=0.31 sys=0.00, real=0.04 secs] 
2019-09-17T08:51:15.697-0530: 51.869: [Full GC (Ergonomics) [PSYoungGen: 5120K->5120K(9216K)] [ParOldGen: 34289K->34286K(34304K)] 39409K->39406K(43520K), [Metaspace: 3534K->3534K(1056768K)], 0.0441622 secs] [Times: user=0.31 sys=0.00, real=0.05 secs] 
2019-09-17T08:51:15.741-0530: 51.914: [Full GC (Ergonomics) [PSYoungGen: 5120K->5120K(9216K)] [ParOldGen: 34289K->34287K(34304K)] 39409K->39407K(43520K), [Metaspace: 3534K->3534K(1056768K)], 0.0444728 secs] [Times: user=0.31 sys=0.01, real=0.04 secs] 
2019-09-17T08:51:15.786-0530: 51.958: [Full GC (Ergonomics) [PSYoungGen: 5120K->5120K(9216K)] [ParOldGen: 34290K->34287K(34304K)] 39410K->39407K(43520K), [Metaspace: 3534K->3534K(1056768K)], 0.0452304 secs] [Times: user=0.32 sys=0.00, real=0.05 secs] 
2019-09-17T08:51:15.832-0530: 52.004: [Full GC (Ergonomics) [PSYoungGen: 5120K->5120K(9216K)] [ParOldGen: 34290K->34288K(34304K)] 39410K->39408K(43520K), [Metaspace: 3534K->3534K(1056768K)], 0.0435679 secs] [Times: user=0.31 sys=0.00, real=0.04 secs] 
2019-09-17T08:51:15.876-0530: 52.048: [Full GC (Ergonomics) [PSYoungGen: 5120K->5120K(9216K)] [ParOldGen: 34290K->34288K(34304K)] 39410K->39408K(43520K), [Metaspace: 3534K->3534K(1056768K)], 0.0446562 secs] [Times: user=0.30 sys=0.00, real=0.05 secs] 
2019-09-17T08:51:15.921-0530: 52.093: [Full GC (Ergonomics) [PSYoungGen: 5120K->5120K(9216K)] [ParOldGen: 34291K->34288K(34304K)] 39411K->39408K(43520K), [Metaspace: 3534K->3534K(1056768K)], 0.0446083 secs] [Times: user=0.31 sys=0.00, real=0.04 secs] 
2019-09-17T08:51:15.966-0530: 52.138: [Full GC (Ergonomics) [PSYoungGen: 5120K->5120K(9216K)] [ParOldGen: 34292K->34289K(34304K)] 39412K->39409K(43520K), [Metaspace: 3534K->3534K(1056768K)], 0.0442060 secs] [Times: user=0.31 sys=0.01, real=0.05 secs] 
2019-09-17T08:51:16.010-0530: 52.182: [Full GC (Ergonomics) [PSYoungGen: 5120K->5120K(9216K)] [ParOldGen: 34291K->34289K(34304K)] 39411K->39409K(43520K), [Metaspace: 3534K->3534K(1056768K)], 0.0434107 secs] [Times: user=0.30 sys=0.00, real=0.04 secs] 
2019-09-17T08:51:16.054-0530: 52.226: [Full GC (Ergonomics) [PSYoungGen: 5120K->5120K(9216K)] [ParOldGen: 34292K->34290K(34304K)] 39412K->39410K(43520K), [Metaspace: 3534K->3534K(1056768K)], 0.0435923 secs] [Times: user=0.31 sys=0.00, real=0.04 secs] 
2019-09-17T08:51:16.098-0530: 52.270: [Full GC (Ergonomics) [PSYoungGen: 5120K->5120K(9216K)] [ParOldGen: 34293K->34290K(34304K)] 39413K->39410K(43520K), [Metaspace: 3534K->3534K(1056768K)], 0.0424223 secs] [Times: user=0.31 sys=0.00, real=0.05 secs] 
2019-09-17T08:51:16.140-0530: 52.313: [Full GC (Ergonomics) [PSYoungGen: 5120K->5120K(9216K)] [ParOldGen: 34293K->34291K(34304K)] 39413K->39411K(43520K), [Metaspace: 3534K->3534K(1056768K)], 0.0440412 secs] [Times: user=0.31 sys=0.00, real=0.04 secs] 
2019-09-17T08:51:16.185-0530: 52.357: [Full GC (Ergonomics) [PSYoungGen: 5120K->5120K(9216K)] [ParOldGen: 34294K->34291K(34304K)] 39414K->39411K(43520K), [Metaspace: 3534K->3534K(1056768K)], 0.0440047 secs] [Times: user=0.31 sys=0.00, real=0.04 secs] 
2019-09-17T08:51:16.229-0530: 52.402: [Full GC (Ergonomics) [PSYoungGen: 5120K->5120K(9216K)] [ParOldGen: 34294K->34291K(34304K)] 39414K->39411K(43520K), [Metaspace: 3534K->3534K(1056768K)], 0.0436769 secs] [Times: user=0.30 sys=0.00, real=0.05 secs] 
2019-09-17T08:51:16.273-0530: 52.446: [Full GC (Ergonomics) [PSYoungGen: 5120K->5120K(9216K)] [ParOldGen: 34294K->34292K(34304K)] 39414K->39412K(43520K), [Metaspace: 3534K->3534K(1056768K)], 0.0454911 secs] [Times: user=0.30 sys=0.00, real=0.04 secs] 
2019-09-17T08:51:16.319-0530: 52.491: [Full GC (Ergonomics) [PSYoungGen: 5120K->5120K(9216K)] [ParOldGen: 34295K->34292K(34304K)] 39415K->39412K(43520K), [Metaspace: 3534K->3534K(1056768K)], 0.0450242 secs] [Times: user=0.30 sys=0.00, real=0.05 secs] 
2019-09-17T08:51:16.365-0530: 52.537: [Full GC (Ergonomics) [PSYoungGen: 5120K->5120K(9216K)] [ParOldGen: 34295K->34293K(34304K)] 39415K->39413K(43520K), [Metaspace: 3534K->3534K(1056768K)], 0.0426648 secs] [Times: user=0.30 sys=0.00, real=0.04 secs] 
2019-09-17T08:51:16.408-0530: 52.580: [Full GC (Ergonomics) [PSYoungGen: 5120K->5120K(9216K)] [ParOldGen: 34295K->34293K(34304K)] 39415K->39413K(43520K), [Metaspace: 3534K->3534K(1056768K)], 0.0439487 secs] [Times: user=0.30 sys=0.00, real=0.05 secs] 
2019-09-17T08:51:16.452-0530: 52.624: [Full GC (Ergonomics) [PSYoungGen: 5120K->5120K(9216K)] [ParOldGen: 34296K->34293K(34304K)] 39416K->39413K(43520K), [Metaspace: 3534K->3534K(1056768K)], 0.0442768 secs] [Times: user=0.31 sys=0.01, real=0.04 secs] 
2019-09-17T08:51:16.497-0530: 52.669: [Full GC (Ergonomics) [PSYoungGen: 5120K->5120K(9216K)] [ParOldGen: 34296K->34294K(34304K)] 39416K->39414K(43520K), [Metaspace: 3534K->3534K(1056768K)], 0.0450515 secs] [Times: user=0.31 sys=0.00, real=0.05 secs] 
2019-09-17T08:51:16.542-0530: 52.714: [Full GC (Ergonomics) [PSYoungGen: 5120K->5120K(9216K)] [ParOldGen: 34297K->34294K(34304K)] 39417K->39414K(43520K), [Metaspace: 3534K->3534K(1056768K)], 0.0454784 secs] [Times: user=0.30 sys=0.00, real=0.04 secs] 
2019-09-17T08:51:16.588-0530: 52.760: [Full GC (Ergonomics) [PSYoungGen: 5120K->5120K(9216K)] [ParOldGen: 34297K->34295K(34304K)] 39417K->39415K(43520K), [Metaspace: 3534K->3534K(1056768K)], 0.0454142 secs] [Times: user=0.30 sys=0.00, real=0.05 secs] 
2019-09-17T08:51:16.633-0530: 52.806: [Full GC (Ergonomics) [PSYoungGen: 5120K->5120K(9216K)] [ParOldGen: 34297K->34295K(34304K)] 39417K->39415K(43520K), [Metaspace: 3534K->3534K(1056768K)], 0.0428040 secs] [Times: user=0.28 sys=0.00, real=0.04 secs] 
2019-09-17T08:51:16.677-0530: 52.849: [Full GC (Ergonomics) [PSYoungGen: 5120K->5120K(9216K)] [ParOldGen: 34298K->34296K(34304K)] 39418K->39416K(43520K), [Metaspace: 3534K->3534K(1056768K)], 0.0453497 secs] [Times: user=0.31 sys=0.01, real=0.05 secs] 
2019-09-17T08:51:16.722-0530: 52.894: [Full GC (Ergonomics) [PSYoungGen: 5120K->5120K(9216K)] [ParOldGen: 34298K->34296K(34304K)] 39418K->39416K(43520K), [Metaspace: 3534K->3534K(1056768K)], 0.0444368 secs] [Times: user=0.30 sys=0.00, real=0.04 secs] 
2019-09-17T08:51:16.767-0530: 52.939: [Full GC (Ergonomics) [PSYoungGen: 5120K->5120K(9216K)] [ParOldGen: 34299K->34296K(34304K)] 39419K->39416K(43520K), [Metaspace: 3534K->3534K(1056768K)], 0.0443780 secs] [Times: user=0.31 sys=0.00, real=0.05 secs] 
2019-09-17T08:51:16.812-0530: 52.984: [Full GC (Ergonomics) [PSYoungGen: 5120K->5120K(9216K)] [ParOldGen: 34299K->34297K(34304K)] 39419K->39417K(43520K), [Metaspace: 3534K->3534K(1056768K)], 0.0436367 secs] [Times: user=0.29 sys=0.00, real=0.04 secs] 
2019-09-17T08:51:16.856-0530: 53.028: [Full GC (Ergonomics) [PSYoungGen: 5120K->5120K(9216K)] [ParOldGen: 34300K->34297K(34304K)] 39420K->39417K(43520K), [Metaspace: 3534K->3534K(1056768K)], 0.0449158 secs] [Times: user=0.31 sys=0.00, real=0.05 secs] 
2019-09-17T08:51:16.901-0530: 53.073: [Full GC (Ergonomics) [PSYoungGen: 5120K->5120K(9216K)] [ParOldGen: 34300K->34298K(34304K)] 39420K->39418K(43520K), [Metaspace: 3534K->3534K(1056768K)], 0.0450678 secs] [Times: user=0.30 sys=0.01, real=0.04 secs] 
2019-09-17T08:51:16.947-0530: 53.119: [Full GC (Ergonomics) [PSYoungGen: 5120K->5120K(9216K)] [ParOldGen: 34300K->34298K(34304K)] 39420K->39418K(43520K), [Metaspace: 3534K->3534K(1056768K)], 0.0429530 secs] [Times: user=0.28 sys=0.00, real=0.05 secs] 
2019-09-17T08:51:16.990-0530: 53.162: [Full GC (Ergonomics) [PSYoungGen: 5120K->5120K(9216K)] [ParOldGen: 34301K->34298K(34304K)] 39421K->39418K(43520K), [Metaspace: 3534K->3534K(1056768K)], 0.0432990 secs] [Times: user=0.32 sys=0.00, real=0.04 secs] 
2019-09-17T08:51:17.034-0530: 53.206: [Full GC (Ergonomics) [PSYoungGen: 5120K->5120K(9216K)] [ParOldGen: 34302K->34299K(34304K)] 39422K->39419K(43520K), [Metaspace: 3534K->3534K(1056768K)], 0.0427483 secs] [Times: user=0.30 sys=0.00, real=0.04 secs] 
2019-09-17T08:51:17.077-0530: 53.249: [Full GC (Ergonomics) [PSYoungGen: 5120K->5120K(9216K)] [ParOldGen: 34301K->34299K(34304K)] 39421K->39419K(43520K), [Metaspace: 3534K->3534K(1056768K)], 0.0431305 secs] [Times: user=0.30 sys=0.00, real=0.05 secs] 
2019-09-17T08:51:17.120-0530: 53.292: [Full GC (Ergonomics) [PSYoungGen: 5120K->5120K(9216K)] [ParOldGen: 34302K->34300K(34304K)] 39422K->39420K(43520K), [Metaspace: 3534K->3534K(1056768K)], 0.0426062 secs] [Times: user=0.30 sys=0.00, real=0.04 secs] 
2019-09-17T08:51:17.163-0530: 53.335: [Full GC (Ergonomics) [PSYoungGen: 5120K->5120K(9216K)] [ParOldGen: 34303K->34300K(34304K)] 39423K->39420K(43520K), [Metaspace: 3534K->3534K(1056768K)], 0.0441016 secs] [Times: user=0.31 sys=0.01, real=0.04 secs] 
2019-09-17T08:51:17.207-0530: 53.380: [Full GC (Ergonomics) [PSYoungGen: 5120K->5120K(9216K)] [ParOldGen: 34303K->34300K(34304K)] 39423K->39420K(43520K), [Metaspace: 3534K->3534K(1056768K)], 0.0436917 secs] [Times: user=0.31 sys=0.00, real=0.05 secs] 
2019-09-17T08:51:17.252-0530: 53.424: [Full GC (Ergonomics) [PSYoungGen: 5120K->5120K(9216K)] [ParOldGen: 34303K->34301K(34304K)] 39423K->39421K(43520K), [Metaspace: 3534K->3534K(1056768K)], 0.0443009 secs] [Times: user=0.31 sys=0.00, real=0.04 secs] 
2019-09-17T08:51:17.296-0530: 53.468: [Full GC (Ergonomics) [PSYoungGen: 5120K->5120K(9216K)] [ParOldGen: 34301K->34301K(34304K)] 39421K->39421K(43520K), [Metaspace: 3534K->3534K(1056768K)], 0.0428595 secs] [Times: user=0.31 sys=0.00, real=0.04 secs] 
2019-09-17T08:51:17.339-0530: 53.511: [Full GC (Ergonomics) [PSYoungGen: 5120K->5120K(9216K)] [ParOldGen: 34303K->34301K(34304K)] 39423K->39421K(43520K), [Metaspace: 3534K->3534K(1056768K)], 0.0439216 secs] [Times: user=0.31 sys=0.00, real=0.05 secs] 
2019-09-17T08:51:17.383-0530: 53.555: [Full GC (Ergonomics) [PSYoungGen: 5120K->5120K(9216K)] [ParOldGen: 34301K->34301K(34304K)] 39421K->39421K(43520K), [Metaspace: 3534K->3534K(1056768K)], 0.0436903 secs] [Times: user=0.31 sys=0.00, real=0.04 secs] 
2019-09-17T08:51:17.427-0530: 53.599: [Full GC (Ergonomics) [PSYoungGen: 5120K->5120K(9216K)] [ParOldGen: 34303K->34302K(34304K)] 39423K->39422K(43520K), [Metaspace: 3534K->3534K(1056768K)], 0.0446495 secs] [Times: user=0.31 sys=0.01, real=0.05 secs] 
2019-09-17T08:51:17.472-0530: 53.644: [Full GC (Ergonomics) [PSYoungGen: 5120K->5120K(9216K)] [ParOldGen: 34302K->34302K(34304K)] 39422K->39422K(43520K), [Metaspace: 3534K->3534K(1056768K)], 0.0446162 secs] [Times: user=0.31 sys=0.00, real=0.04 secs] 
2019-09-17T08:51:17.517-0530: 53.689: [Full GC (Ergonomics) [PSYoungGen: 5120K->5120K(9216K)] [ParOldGen: 34303K->34302K(34304K)] 39423K->39422K(43520K), [Metaspace: 3534K->3534K(1056768K)], 0.0434257 secs] [Times: user=0.31 sys=0.00, real=0.05 secs] 
2019-09-17T08:51:17.561-0530: 53.733: [Full GC (Ergonomics) [PSYoungGen: 5120K->5120K(9216K)] [ParOldGen: 34303K->34302K(34304K)] 39423K->39422K(43520K), [Metaspace: 3534K->3534K(1056768K)], 0.0440730 secs] [Times: user=0.31 sys=0.00, real=0.04 secs] 
2019-09-17T08:51:17.605-0530: 53.777: [Full GC (Ergonomics) [PSYoungGen: 5120K->5120K(9216K)] [ParOldGen: 34304K->34302K(34304K)] 39424K->39422K(43520K), [Metaspace: 3534K->3534K(1056768K)], 0.0439023 secs] [Times: user=0.30 sys=0.00, real=0.04 secs] 
2019-09-17T08:51:17.649-0530: 53.822: [Full GC (Ergonomics) [PSYoungGen: 5120K->5120K(9216K)] [ParOldGen: 34303K->34302K(34304K)] 39423K->39422K(43520K), [Metaspace: 3534K->3534K(1056768K)], 0.0428974 secs] [Times: user=0.31 sys=0.01, real=0.05 secs] 
2019-09-17T08:51:17.693-0530: 53.865: [Full GC (Ergonomics) [PSYoungGen: 5120K->5120K(9216K)] [ParOldGen: 34303K->34302K(34304K)] 39423K->39422K(43520K), [Metaspace: 3534K->3534K(1056768K)], 0.0436776 secs] [Times: user=0.32 sys=0.00, real=0.04 secs] 
2019-09-17T08:51:17.736-0530: 53.909: [Full GC (Ergonomics) [PSYoungGen: 5120K->5120K(9216K)] [ParOldGen: 34303K->34303K(34304K)] 39423K->39423K(43520K), [Metaspace: 3534K->3534K(1056768K)], 0.0439786 secs] [Times: user=0.32 sys=0.00, real=0.05 secs] 
2019-09-17T08:51:17.781-0530: 53.953: [Full GC (Ergonomics) [PSYoungGen: 5120K->5120K(9216K)] [ParOldGen: 34303K->34303K(34304K)] 39423K->39423K(43520K), [Metaspace: 3534K->3534K(1056768K)], 0.0442620 secs] [Times: user=0.29 sys=0.00, real=0.04 secs] 
2019-09-17T08:51:17.825-0530: 53.997: [Full GC (Ergonomics) [PSYoungGen: 5120K->5120K(9216K)] [ParOldGen: 34303K->34303K(34304K)] 39423K->39423K(43520K), [Metaspace: 3534K->3534K(1056768K)], 0.0433657 secs] [Times: user=0.30 sys=0.00, real=0.04 secs] 
2019-09-17T08:51:17.869-0530: 54.041: [Full GC (Ergonomics) [PSYoungGen: 5120K->5120K(9216K)] [ParOldGen: 34303K->34303K(34304K)] 39423K->39423K(43520K), [Metaspace: 3534K->3534K(1056768K)], 0.0444527 secs] [Times: user=0.30 sys=0.00, real=0.05 secs] 
2019-09-17T08:51:17.914-0530: 54.086: [Full GC (Ergonomics) [PSYoungGen: 5120K->5120K(9216K)] [ParOldGen: 34303K->34303K(34304K)] 39423K->39423K(43520K), [Metaspace: 3534K->3534K(1056768K)], 0.0441655 secs] [Times: user=0.30 sys=0.01, real=0.04 secs] 
2019-09-17T08:51:17.958-0530: 54.130: [Full GC (Ergonomics) [PSYoungGen: 5120K->5120K(9216K)] [ParOldGen: 34303K->34303K(34304K)] 39423K->39423K(43520K), [Metaspace: 3534K->3534K(1056768K)], 0.0444173 secs] [Times: user=0.31 sys=0.00, real=0.05 secs] 
2019-09-17T08:51:18.003-0530: 54.175: [Full GC (Ergonomics) [PSYoungGen: 5120K->5120K(9216K)] [ParOldGen: 34304K->34303K(34304K)] 39424K->39423K(43520K), [Metaspace: 3534K->3534K(1056768K)], 0.0434903 secs] [Times: user=0.31 sys=0.00, real=0.04 secs] 
2019-09-17T08:51:18.047-0530: 54.219: [Full GC (Ergonomics) [PSYoungGen: 5120K->5120K(9216K)] [ParOldGen: 34303K->34303K(34304K)] 39423K->39423K(43520K), [Metaspace: 3534K->3534K(1056768K)], 0.0430389 secs] [Times: user=0.32 sys=0.00, real=0.05 secs] 
2019-09-17T08:51:18.090-0530: 54.262: [Full GC (Ergonomics) [PSYoungGen: 5120K->5120K(9216K)] [ParOldGen: 34303K->34303K(34304K)] 39423K->39423K(43520K), [Metaspace: 3534K->3534K(1056768K)], 0.0434520 secs] [Times: user=0.32 sys=0.00, real=0.04 secs] 
2019-09-17T08:51:18.134-0530: 54.306: [Full GC (Ergonomics) [PSYoungGen: 5120K->5120K(9216K)] [ParOldGen: 34303K->34303K(34304K)] 39423K->39423K(43520K), [Metaspace: 3534K->3534K(1056768K)], 0.0436243 secs] [Times: user=0.32 sys=0.00, real=0.04 secs] 
2019-09-17T08:51:18.177-0530: 54.350: [Full GC (Ergonomics) [PSYoungGen: 5120K->5120K(9216K)] [ParOldGen: 34303K->34303K(34304K)] 39423K->39423K(43520K), [Metaspace: 3534K->3534K(1056768K)], 0.0434908 secs] [Times: user=0.32 sys=0.00, real=0.05 secs] 
2019-09-17T08:51:18.221-0530: 54.393: [Full GC (Ergonomics) [PSYoungGen: 5120K->5120K(9216K)] [ParOldGen: 34303K->34303K(34304K)] 39423K->39423K(43520K), [Metaspace: 3534K->3534K(1056768K)], 0.0451251 secs] [Times: user=0.31 sys=0.01, real=0.04 secs] 
2019-09-17T08:51:18.267-0530: 54.439: [Full GC (Ergonomics) [PSYoungGen: 5120K->5120K(9216K)] [ParOldGen: 34303K->34303K(34304K)] 39423K->39423K(43520K), [Metaspace: 3534K->3534K(1056768K)], 0.0437397 secs] [Times: user=0.31 sys=0.00, real=0.05 secs] 
2019-09-17T08:51:18.310-0530: 54.483: [Full GC (Allocation Failure) [PSYoungGen: 5120K->5120K(9216K)] [ParOldGen: 34303K->34303K(34304K)] 39423K->39423K(43520K), [Metaspace: 3534K->3534K(1056768K)], 0.0689781 secs] [Times: user=0.49 sys=0.00, real=0.06 secs] 
2019-09-17T08:51:18.380-0530: 54.552: [Full GC (Ergonomics) [PSYoungGen: 5120K->5120K(9216K)] [ParOldGen: 34303K->34303K(34304K)] 39423K->39423K(43520K), [Metaspace: 3534K->3534K(1056768K)], 0.0432645 secs] [Times: user=0.31 sys=0.00, real=0.04 secs] 
2019-09-17T08:51:18.423-0530: 54.595: [Full GC (Ergonomics) [PSYoungGen: 5120K->5120K(9216K)] [ParOldGen: 34303K->34303K(34304K)] 39423K->39423K(43520K), [Metaspace: 3534K->3534K(1056768K)], 0.0442373 secs] [Times: user=0.31 sys=0.00, real=0.04 secs] 
2019-09-17T08:51:18.468-0530: 54.640: [Full GC (Ergonomics) [PSYoungGen: 5120K->5120K(9216K)] [ParOldGen: 34304K->34303K(34304K)] 39424K->39423K(43520K), [Metaspace: 3534K->3534K(1056768K)], 0.0459070 secs] [Times: user=0.31 sys=0.01, real=0.05 secs] 
2019-09-17T08:51:18.514-0530: 54.686: [Full GC (Ergonomics) [PSYoungGen: 5120K->5120K(9216K)] [ParOldGen: 34303K->34303K(34304K)] 39423K->39423K(43520K), [Metaspace: 3534K->3534K(1056768K)], 0.0427898 secs] [Times: user=0.30 sys=0.00, real=0.04 secs] 
2019-09-17T08:51:18.557-0530: 54.729: [Full GC (Ergonomics) [PSYoungGen: 5120K->5120K(9216K)] [ParOldGen: 34303K->34303K(34304K)] 39423K->39423K(43520K), [Metaspace: 3534K->3534K(1056768K)], 0.0438060 secs] [Times: user=0.31 sys=0.00, real=0.05 secs] 
2019-09-17T08:51:18.601-0530: 54.773: [Full GC (Ergonomics) [PSYoungGen: 5120K->5120K(9216K)] [ParOldGen: 34303K->34303K(34304K)] 39423K->39423K(43520K), [Metaspace: 3534K->3534K(1056768K)], 0.0428716 secs] [Times: user=0.30 sys=0.00, real=0.04 secs] 
2019-09-17T08:51:18.644-0530: 54.816: [Full GC (Ergonomics) [PSYoungGen: 5120K->5120K(9216K)] [ParOldGen: 34303K->34303K(34304K)] 39423K->39423K(43520K), [Metaspace: 3534K->3534K(1056768K)], 0.0443242 secs] [Times: user=0.31 sys=0.00, real=0.04 secs] 
2019-09-17T08:51:18.688-0530: 54.861: [Full GC (Allocation Failure) [PSYoungGen: 5120K->5120K(9216K)] [ParOldGen: 34303K->34303K(34304K)] 39423K->39423K(43520K), [Metaspace: 3534K->3534K(1056768K)], 0.0440987 secs] [Times: user=0.31 sys=0.01, real=0.05 secs] 
2019-09-17T08:51:18.733-0530: 54.905: [Full GC (Ergonomics) [PSYoungGen: 5120K->5120K(9216K)] [ParOldGen: 34303K->34303K(34304K)] 39423K->39423K(43520K), [Metaspace: 3534K->3534K(1056768K)], 0.0433734 secs] [Times: user=0.31 sys=0.00, real=0.04 secs] 
2019-09-17T08:51:18.776-0530: 54.949: [Full GC (Allocation Failure) [PSYoungGen: 5120K->5120K(9216K)] [ParOldGen: 34303K->34303K(34304K)] 39423K->39423K(43520K), [Metaspace: 3534K->3534K(1056768K)], 0.0431263 secs] [Times: user=0.30 sys=0.00, real=0.05 secs] 
2019-09-17T08:51:18.820-0530: 54.992: [Full GC (Ergonomics) [PSYoungGen: 5120K->5120K(9216K)] [ParOldGen: 34303K->34303K(34304K)] 39423K->39423K(43520K), [Metaspace: 3534K->3534K(1056768K)], 0.0428490 secs] [Times: user=0.30 sys=0.00, real=0.04 secs] 
2019-09-17T08:51:18.863-0530: 55.035: [Full GC (Allocation Failure) [PSYoungGen: 5120K->5120K(9216K)] [ParOldGen: 34303K->34303K(34304K)] 39423K->39423K(43520K), [Metaspace: 3534K->3534K(1056768K)], 0.0426856 secs] [Times: user=0.31 sys=0.00, real=0.04 secs] 
2019-09-17T08:51:18.906-0530: 55.078: [Full GC (Ergonomics) [PSYoungGen: 5120K->5120K(9216K)] [ParOldGen: 34303K->34303K(34304K)] 39423K->39423K(43520K), [Metaspace: 3534K->3534K(1056768K)], 0.0436489 secs] [Times: user=0.32 sys=0.00, real=0.04 secs] 
2019-09-17T08:51:18.949-0530: 55.122: [Full GC (Allocation Failure) [PSYoungGen: 5120K->5120K(9216K)] [ParOldGen: 34303K->34303K(34304K)] 39423K->39423K(43520K), [Metaspace: 3534K->3534K(1056768K)], 0.0455014 secs] [Times: user=0.30 sys=0.00, real=0.05 secs] 
2019-09-17T08:51:18.995-0530: 55.167: [Full GC (Ergonomics) [PSYoungGen: 5120K->5120K(9216K)] [ParOldGen: 34303K->34303K(34304K)] 39423K->39423K(43520K), [Metaspace: 3534K->3534K(1056768K)], 0.0441156 secs] [Times: user=0.27 sys=0.01, real=0.04 secs] 
2019-09-17T08:51:19.039-0530: 55.211: [Full GC (Allocation Failure) [PSYoungGen: 5120K->5120K(9216K)] [ParOldGen: 34303K->34303K(34304K)] 39423K->39423K(43520K), [Metaspace: 3534K->3534K(1056768K)], 0.0441901 secs] [Times: user=0.31 sys=0.00, real=0.05 secs] 
2019-09-17T08:51:19.084-0530: 55.256: [Full GC (Ergonomics) [PSYoungGen: 5120K->5120K(9216K)] [ParOldGen: 34303K->34303K(34304K)] 39423K->39423K(43520K), [Metaspace: 3534K->3534K(1056768K)], 0.0650545 secs] [Times: user=0.46 sys=0.00, real=0.06 secs] 
2019-09-17T08:51:19.149-0530: 55.321: [Full GC (Ergonomics) [PSYoungGen: 5120K->5120K(9216K)] [ParOldGen: 34303K->34301K(34304K)] 39423K->39421K(43520K), [Metaspace: 3534K->3534K(1056768K)], 0.0662473 secs] [Times: user=0.47 sys=0.01, real=0.07 secs] 
2019-09-17T08:51:19.216-0530: 55.388: [Full GC (Ergonomics) [PSYoungGen: 5120K->5120K(9216K)] [ParOldGen: 34302K->34301K(34304K)] 39422K->39421K(43520K), [Metaspace: 3534K->3534K(1056768K)], 0.0436617 secs] [Times: user=0.31 sys=0.00, real=0.04 secs] 
2019-09-17T08:51:19.260-0530: 55.432: [Full GC (Ergonomics) [PSYoungGen: 5120K->5120K(9216K)] [ParOldGen: 34303K->34302K(34304K)] 39423K->39422K(43520K), [Metaspace: 3534K->3534K(1056768K)], 0.0441981 secs] [Times: user=0.31 sys=0.00, real=0.04 secs] 
2019-09-17T08:51:19.304-0530: 55.476: [Full GC (Ergonomics) [PSYoungGen: 5120K->5120K(9216K)] [ParOldGen: 34302K->34302K(34304K)] 39422K->39422K(43520K), [Metaspace: 3534K->3534K(1056768K)], 0.0446829 secs] [Times: user=0.32 sys=0.00, real=0.04 secs] 
2019-09-17T08:51:19.349-0530: 55.521: [Full GC (Ergonomics) [PSYoungGen: 5120K->5120K(9216K)] [ParOldGen: 34303K->34302K(34304K)] 39423K->39422K(43520K), [Metaspace: 3534K->3534K(1056768K)], 0.0447986 secs] [Times: user=0.31 sys=0.00, real=0.05 secs] 
2019-09-17T08:51:19.394-0530: 55.566: [Full GC (Ergonomics) [PSYoungGen: 5120K->5120K(9216K)] [ParOldGen: 34303K->34302K(34304K)] 39423K->39422K(43520K), [Metaspace: 3535K->3535K(1056768K)], 0.0454230 secs] [Times: user=0.30 sys=0.01, real=0.05 secs] 
2019-09-17T08:51:19.440-0530: 55.612: [Full GC (Ergonomics) [PSYoungGen: 5120K->5120K(9216K)] [ParOldGen: 34303K->34302K(34304K)] 39423K->39422K(43520K), [Metaspace: 3537K->3537K(1056768K)], 0.0446009 secs] [Times: user=0.30 sys=0.00, real=0.04 secs] 
2019-09-17T08:51:19.485-0530: 55.657: [Full GC (Ergonomics) [PSYoungGen: 5120K->5120K(9216K)] [ParOldGen: 34303K->34302K(34304K)] 39423K->39422K(43520K), [Metaspace: 3537K->3537K(1056768K)], 0.0433246 secs] [Times: user=0.29 sys=0.00, real=0.04 secs] 
2019-09-17T08:51:19.528-0530: 55.701: [Full GC (Ergonomics) [PSYoungGen: 5120K->5120K(9216K)] [ParOldGen: 34303K->34302K(34304K)] 39423K->39422K(43520K), [Metaspace: 3537K->3537K(1056768K)], 0.0446331 secs] [Times: user=0.27 sys=0.00, real=0.05 secs] 
2019-09-17T08:51:19.573-0530: 55.745: [Full GC (Ergonomics) [PSYoungGen: 5120K->5120K(9216K)] [ParOldGen: 34303K->34303K(34304K)] 39423K->39423K(43520K), [Metaspace: 3537K->3537K(1056768K)], 0.0446502 secs] [Times: user=0.27 sys=0.01, real=0.04 secs] 
2019-09-17T08:51:19.618-0530: 55.790: [Full GC (Ergonomics) [PSYoungGen: 5120K->5120K(9216K)] [ParOldGen: 34303K->34303K(34304K)] 39423K->39423K(43520K), [Metaspace: 3537K->3537K(1056768K)], 0.0439905 secs] [Times: user=0.27 sys=0.00, real=0.05 secs] 
2019-09-17T08:51:19.662-0530: 55.835: [Full GC (Ergonomics) [PSYoungGen: 5120K->5120K(9216K)] [ParOldGen: 34303K->34303K(34304K)] 39423K->39423K(43520K), [Metaspace: 3538K->3538K(1056768K)], 0.0438178 secs] [Times: user=0.27 sys=0.00, real=0.04 secs] 
2019-09-17T08:51:19.706-0530: 55.879: [Full GC (Ergonomics) [PSYoungGen: 5120K->5120K(9216K)] [ParOldGen: 34303K->34303K(34304K)] 39423K->39423K(43520K), [Metaspace: 3538K->3538K(1056768K)], 0.0438484 secs] [Times: user=0.25 sys=0.00, real=0.05 secs] 
2019-09-17T08:51:19.750-0530: 55.923: [Full GC (Ergonomics) [PSYoungGen: 5120K->5120K(9216K)] [ParOldGen: 34304K->34303K(34304K)] 39424K->39423K(43520K), [Metaspace: 3538K->3538K(1056768K)], 0.0448707 secs] [Times: user=0.28 sys=0.00, real=0.04 secs] 
2019-09-17T08:51:19.796-0530: 55.968: [Full GC (Ergonomics) [PSYoungGen: 5120K->5120K(9216K)] [ParOldGen: 34303K->34303K(34304K)] 39423K->39423K(43520K), [Metaspace: 3549K->3549K(1056768K)], 0.0469438 secs] [Times: user=0.28 sys=0.01, real=0.05 secs] 
2019-09-17T08:51:19.843-0530: 56.015: [Full GC (Ergonomics) [PSYoungGen: 5120K->5120K(9216K)] [ParOldGen: 34304K->34303K(34304K)] 39424K->39423K(43520K), [Metaspace: 3550K->3550K(1056768K)], 0.0438261 secs] [Times: user=0.28 sys=0.00, real=0.04 secs] 
2019-09-17T08:51:19.887-0530: 56.059: [Full GC (Ergonomics) [PSYoungGen: 5120K->5120K(9216K)] [ParOldGen: 34304K->34304K(34304K)] 39424K->39424K(43520K), [Metaspace: 3550K->3550K(1056768K)], 0.0436133 secs] [Times: user=0.31 sys=0.00, real=0.05 secs] 
2019-09-17T08:51:19.930-0530: 56.103: [Full GC (Allocation Failure) [PSYoungGen: 5120K->5120K(9216K)] [ParOldGen: 34304K->34304K(34304K)] 39424K->39424K(43520K), [Metaspace: 3550K->3550K(1056768K)], 0.0429964 secs] [Times: user=0.30 sys=0.00, real=0.04 secs] 
2019-09-17T08:51:19.974-0530: 56.146: [Full GC (Ergonomics) [PSYoungGen: 5120K->5120K(9216K)] [ParOldGen: 34304K->34303K(34304K)] 39424K->39423K(43520K), [Metaspace: 3550K->3550K(1056768K)], 0.0435856 secs] [Times: user=0.31 sys=0.00, real=0.04 secs] 
2019-09-17T08:51:20.018-0530: 56.190: [Full GC (Allocation Failure) [PSYoungGen: 5120K->5120K(9216K)] [ParOldGen: 34303K->34303K(34304K)] 39423K->39423K(43520K), [Metaspace: 3550K->3550K(1056768K)], 0.0436265 secs] [Times: user=0.32 sys=0.01, real=0.05 secs] 
2019-09-17T08:51:20.062-0530: 56.234: [Full GC (Ergonomics) [PSYoungGen: 5120K->5120K(9216K)] [ParOldGen: 34303K->34303K(34304K)] 39423K->39423K(43520K), [Metaspace: 3563K->3563K(1056768K)], 0.0435172 secs] [Times: user=0.32 sys=0.00, real=0.04 secs] 
2019-09-17T08:51:20.105-0530: 56.277: [Full GC (Allocation Failure) [PSYoungGen: 5120K->5120K(9216K)] [ParOldGen: 34303K->34303K(34304K)] 39423K->39423K(43520K), [Metaspace: 3563K->3563K(1056768K)], 0.0437774 secs] [Times: user=0.31 sys=0.00, real=0.04 secs] 
2019-09-17T08:51:20.149-0530: 56.322: [Full GC (Ergonomics) [PSYoungGen: 5120K->5120K(9216K)] [ParOldGen: 34303K->34303K(34304K)] 39423K->39423K(43520K), [Metaspace: 3563K->3563K(1056768K)], 0.0659769 secs] [Times: user=0.47 sys=0.00, real=0.07 secs] 
2019-09-17T08:51:20.215-0530: 56.388: [Full GC (Allocation Failure) [PSYoungGen: 5120K->5120K(9216K)] [ParOldGen: 34303K->34303K(34304K)] 39423K->39423K(43520K), [Metaspace: 3563K->3563K(1056768K)], 0.0439558 secs] [Times: user=0.32 sys=0.00, real=0.04 secs] 
2019-09-17T08:51:20.260-0530: 56.432: [Full GC (Ergonomics) [PSYoungGen: 5120K->5120K(9216K)] [ParOldGen: 34303K->34303K(34304K)] 39423K->39423K(43520K), [Metaspace: 3563K->3563K(1056768K)], 0.0655321 secs] [Times: user=0.46 sys=0.01, real=0.06 secs] 
2019-09-17T08:51:20.326-0530: 56.498: [Full GC (Ergonomics) [PSYoungGen: 5120K->5120K(9216K)] [ParOldGen: 34304K->34303K(34304K)] 39424K->39423K(43520K), [Metaspace: 3565K->3565K(1056768K)], 0.0447618 secs] [Times: user=0.31 sys=0.00, real=0.05 secs] 
2019-09-17T08:51:20.371-0530: 56.543: [Full GC (Ergonomics) [PSYoungGen: 5120K->5120K(9216K)] [ParOldGen: 34303K->34303K(34304K)] 39423K->39423K(43520K), [Metaspace: 3565K->3565K(1056768K)], 0.0439681 secs] [Times: user=0.29 sys=0.00, real=0.04 secs] 
2019-09-17T08:51:20.415-0530: 56.587: [Full GC (Ergonomics) [PSYoungGen: 5120K->5120K(9216K)] [ParOldGen: 34304K->34303K(34304K)] 39424K->39423K(43520K), [Metaspace: 3565K->3565K(1056768K)], 0.0447374 secs] [Times: user=0.32 sys=0.00, real=0.05 secs] 
2019-09-17T08:51:20.460-0530: 56.632: [Full GC (Ergonomics) [PSYoungGen: 5120K->5120K(9216K)] [ParOldGen: 34303K->34303K(34304K)] 39423K->39423K(43520K), [Metaspace: 3565K->3565K(1056768K)], 0.0447239 secs] [Times: user=0.31 sys=0.00, real=0.04 secs] 
2019-09-17T08:51:20.505-0530: 56.677: [Full GC (Ergonomics) [PSYoungGen: 5120K->5120K(9216K)] [ParOldGen: 34303K->34303K(34304K)] 39423K->39423K(43520K), [Metaspace: 3565K->3565K(1056768K)], 0.0441209 secs] [Times: user=0.30 sys=0.01, real=0.04 secs] 
2019-09-17T08:51:20.549-0530: 56.722: [Full GC (Ergonomics) [PSYoungGen: 5120K->5120K(9216K)] [ParOldGen: 34303K->34303K(34304K)] 39423K->39423K(43520K), [Metaspace: 3565K->3565K(1056768K)], 0.0426191 secs] [Times: user=0.31 sys=0.00, real=0.05 secs] 
2019-09-17T08:51:20.592-0530: 56.765: [Full GC (Ergonomics) [PSYoungGen: 5120K->5120K(9216K)] [ParOldGen: 34303K->34303K(34304K)] 39423K->39423K(43520K), [Metaspace: 3565K->3565K(1056768K)], 0.0448052 secs] [Times: user=0.30 sys=0.00, real=0.04 secs] 
2019-09-17T08:51:20.637-0530: 56.810: [Full GC (Ergonomics) [PSYoungGen: 5120K->5120K(9216K)] [ParOldGen: 34303K->34303K(34304K)] 39423K->39423K(43520K), [Metaspace: 3565K->3565K(1056768K)], 0.0681328 secs] [Times: user=0.49 sys=0.00, real=0.07 secs] 
2019-09-17T08:51:20.706-0530: 56.878: [Full GC (Ergonomics) [PSYoungGen: 5120K->5120K(9216K)] [ParOldGen: 34303K->34303K(34304K)] 39423K->39423K(43520K), [Metaspace: 3565K->3565K(1056768K)], 0.0453576 secs] [Times: user=0.33 sys=0.00, real=0.05 secs] 
2019-09-17T08:51:20.751-0530: 56.924: [Full GC (Allocation Failure) [PSYoungGen: 5120K->5120K(9216K)] [ParOldGen: 34303K->34303K(34304K)] 39423K->39423K(43520K), [Metaspace: 3565K->3565K(1056768K)], 0.0436255 secs] [Times: user=0.31 sys=0.00, real=0.04 secs] 
2019-09-17T08:51:20.795-0530: 56.967: [Full GC (Ergonomics) [PSYoungGen: 5120K->5120K(9216K)] [ParOldGen: 34303K->34303K(34304K)] 39423K->39423K(43520K), [Metaspace: 3565K->3565K(1056768K)], 0.0442782 secs] [Times: user=0.32 sys=0.01, real=0.05 secs] 
2019-09-17T08:51:20.840-0530: 57.012: [Full GC (Ergonomics) [PSYoungGen: 5120K->5120K(9216K)] [ParOldGen: 34303K->34303K(34304K)] 39423K->39423K(43520K), [Metaspace: 3565K->3565K(1056768K)], 0.0653194 secs] [Times: user=0.47 sys=0.00, real=0.06 secs] 
2019-09-17T08:51:20.905-0530: 57.078: [Full GC (Ergonomics) [PSYoungGen: 5120K->5120K(9216K)] [ParOldGen: 34303K->34303K(34304K)] 39423K->39423K(43520K), [Metaspace: 3565K->3565K(1056768K)], 0.0441479 secs] [Times: user=0.32 sys=0.00, real=0.05 secs] 
2019-09-17T08:51:20.950-0530: 57.122: [Full GC (Ergonomics) [PSYoungGen: 5120K->5120K(9216K)] [ParOldGen: 34303K->34303K(34304K)] 39423K->39423K(43520K), [Metaspace: 3570K->3570K(1056768K)], 0.0428920 secs] [Times: user=0.31 sys=0.00, real=0.04 secs] 
2019-09-17T08:51:20.993-0530: 57.165: [Full GC (Ergonomics) [PSYoungGen: 5120K->5120K(9216K)] [ParOldGen: 34303K->34303K(34304K)] 39423K->39423K(43520K), [Metaspace: 3570K->3570K(1056768K)], 0.0435591 secs] [Times: user=0.31 sys=0.00, real=0.04 secs] 
2019-09-17T08:51:21.037-0530: 57.209: [Full GC (Ergonomics) [PSYoungGen: 5120K->5120K(9216K)] [ParOldGen: 34304K->34303K(34304K)] 39424K->39423K(43520K), [Metaspace: 3571K->3571K(1056768K)], 0.0443214 secs] [Times: user=0.31 sys=0.01, real=0.05 secs] 
2019-09-17T08:51:21.082-0530: 57.254: [Full GC (Ergonomics) [PSYoungGen: 5120K->5120K(9216K)] [ParOldGen: 34303K->34303K(34304K)] 39423K->39423K(43520K), [Metaspace: 3571K->3571K(1056768K)], 0.0435811 secs] [Times: user=0.32 sys=0.00, real=0.04 secs] 
2019-09-17T08:51:21.126-0530: 57.298: [Full GC (Ergonomics) [PSYoungGen: 5120K->5120K(9216K)] [ParOldGen: 34303K->34303K(34304K)] 39423K->39423K(43520K), [Metaspace: 3571K->3571K(1056768K)], 0.0691770 secs] [Times: user=0.50 sys=0.00, real=0.07 secs] 
2019-09-17T08:51:21.195-0530: 57.367: [Full GC (Ergonomics) [PSYoungGen: 5120K->5120K(9216K)] [ParOldGen: 34303K->34303K(34304K)] 39423K->39423K(43520K), [Metaspace: 3571K->3571K(1056768K)], 0.0686790 secs] [Times: user=0.48 sys=0.00, real=0.07 secs] 
2019-09-17T08:51:21.264-0530: 57.436: [Full GC (Ergonomics) [PSYoungGen: 5120K->5120K(9216K)] [ParOldGen: 34303K->34303K(34304K)] 39423K->39423K(43520K), [Metaspace: 3571K->3571K(1056768K)], 0.0445642 secs] [Times: user=0.31 sys=0.01, real=0.04 secs] 
2019-09-17T08:51:21.309-0530: 57.481: [Full GC (Allocation Failure) [PSYoungGen: 5120K->5120K(9216K)] [ParOldGen: 34303K->34303K(34304K)] 39423K->39423K(43520K), [Metaspace: 3571K->3571K(1056768K)], 0.0444328 secs] [Times: user=0.31 sys=0.00, real=0.05 secs] 
2019-09-17T08:51:21.353-0530: 57.526: [Full GC (Ergonomics) [PSYoungGen: 5120K->5120K(9216K)] [ParOldGen: 34303K->34303K(34304K)] 39423K->39423K(43520K), [Metaspace: 3571K->3571K(1056768K)], 0.0460366 secs] [Times: user=0.30 sys=0.00, real=0.04 secs] 
2019-09-17T08:51:21.399-0530: 57.572: [Full GC (Allocation Failure) [PSYoungGen: 5120K->5120K(9216K)] [ParOldGen: 34303K->34303K(34304K)] 39423K->39423K(43520K), [Metaspace: 3571K->3571K(1056768K)], 0.0433420 secs] [Times: user=0.30 sys=0.00, real=0.05 secs] 
2019-09-17T08:51:21.443-0530: 57.615: [Full GC (Ergonomics) [PSYoungGen: 5120K->5120K(9216K)] [ParOldGen: 34303K->34303K(34304K)] 39423K->39423K(43520K), [Metaspace: 3571K->3571K(1056768K)], 0.0444462 secs] [Times: user=0.30 sys=0.00, real=0.04 secs] 
2019-09-17T08:51:21.488-0530: 57.660: [Full GC (Ergonomics) [PSYoungGen: 5120K->5120K(9216K)] [ParOldGen: 34304K->34303K(34304K)] 39424K->39423K(43520K), [Metaspace: 3571K->3571K(1056768K)], 0.0654043 secs] [Times: user=0.46 sys=0.01, real=0.07 secs] 
2019-09-17T08:51:21.554-0530: 57.726: [Full GC (Ergonomics) [PSYoungGen: 5120K->5120K(9216K)] [ParOldGen: 34303K->34303K(34304K)] 39423K->39423K(43520K), [Metaspace: 3571K->3571K(1056768K)], 0.0448377 secs] [Times: user=0.31 sys=0.00, real=0.04 secs] 
2019-09-17T08:51:21.599-0530: 57.771: [Full GC (Ergonomics) [PSYoungGen: 5120K->5120K(9216K)] [ParOldGen: 34303K->34303K(34304K)] 39423K->39423K(43520K), [Metaspace: 3571K->3571K(1056768K)], 0.0438200 secs] [Times: user=0.31 sys=0.00, real=0.05 secs] 
2019-09-17T08:51:21.643-0530: 57.815: [Full GC (Ergonomics) [PSYoungGen: 5120K->5120K(9216K)] [ParOldGen: 34303K->34303K(34304K)] 39423K->39423K(43520K), [Metaspace: 3571K->3571K(1056768K)], 0.0448670 secs] [Times: user=0.31 sys=0.00, real=0.04 secs] 
2019-09-17T08:51:21.688-0530: 57.860: [Full GC (Ergonomics) [PSYoungGen: 5120K->5120K(9216K)] [ParOldGen: 34304K->34303K(34304K)] 39424K->39423K(43520K), [Metaspace: 3571K->3571K(1056768K)], 0.0457079 secs] [Times: user=0.31 sys=0.00, real=0.05 secs] 
2019-09-17T08:51:21.734-0530: 57.906: [Full GC (Ergonomics) [PSYoungGen: 5120K->5120K(9216K)] [ParOldGen: 34303K->34303K(34304K)] 39423K->39423K(43520K), [Metaspace: 3571K->3571K(1056768K)], 0.0434345 secs] [Times: user=0.30 sys=0.01, real=0.04 secs] 
2019-09-17T08:51:21.778-0530: 57.950: [Full GC (Ergonomics) [PSYoungGen: 5120K->5120K(9216K)] [ParOldGen: 34303K->34303K(34304K)] 39423K->39423K(43520K), [Metaspace: 3571K->3571K(1056768K)], 0.0443999 secs] [Times: user=0.30 sys=0.00, real=0.05 secs] 
2019-09-17T08:51:21.822-0530: 57.994: [Full GC (Ergonomics) [PSYoungGen: 5120K->5120K(9216K)] [ParOldGen: 34304K->34303K(34304K)] 39424K->39423K(43520K), [Metaspace: 3571K->3571K(1056768K)], 0.0445270 secs] [Times: user=0.31 sys=0.00, real=0.04 secs] 
2019-09-17T08:51:21.867-0530: 58.039: [Full GC (Ergonomics) [PSYoungGen: 5120K->5120K(9216K)] [ParOldGen: 34304K->34303K(34304K)] 39424K->39423K(43520K), [Metaspace: 3571K->3571K(1056768K)], 0.0433041 secs] [Times: user=0.29 sys=0.00, real=0.05 secs] 
2019-09-17T08:51:21.910-0530: 58.083: [Full GC (Ergonomics) [PSYoungGen: 5120K->5120K(9216K)] [ParOldGen: 34303K->34303K(34304K)] 39423K->39423K(43520K), [Metaspace: 3571K->3571K(1056768K)], 0.0439757 secs] [Times: user=0.31 sys=0.00, real=0.04 secs] 
2019-09-17T08:51:21.955-0530: 58.127: [Full GC (Ergonomics) [PSYoungGen: 5120K->5120K(9216K)] [ParOldGen: 34304K->34303K(34304K)] 39424K->39423K(43520K), [Metaspace: 3571K->3571K(1056768K)], 0.0451806 secs] [Times: user=0.31 sys=0.00, real=0.05 secs] 
2019-09-17T08:51:22.000-0530: 58.172: [Full GC (Ergonomics) [PSYoungGen: 5120K->5120K(9216K)] [ParOldGen: 34303K->34303K(34304K)] 39423K->39423K(43520K), [Metaspace: 3571K->3571K(1056768K)], 0.0431507 secs] [Times: user=0.30 sys=0.01, real=0.04 secs] 
2019-09-17T08:51:22.044-0530: 58.216: [Full GC (Ergonomics) [PSYoungGen: 5120K->5120K(9216K)] [ParOldGen: 34304K->34303K(34304K)] 39424K->39423K(43520K), [Metaspace: 3571K->3571K(1056768K)], 0.0450435 secs] [Times: user=0.31 sys=0.00, real=0.04 secs] 
2019-09-17T08:51:22.089-0530: 58.261: [Full GC (Ergonomics) [PSYoungGen: 5120K->5120K(9216K)] [ParOldGen: 34303K->34303K(34304K)] 39423K->39423K(43520K), [Metaspace: 3571K->3571K(1056768K)], 0.0447436 secs] [Times: user=0.31 sys=0.00, real=0.05 secs] 
2019-09-17T08:51:22.134-0530: 58.306: [Full GC (Ergonomics) [PSYoungGen: 5120K->5120K(9216K)] [ParOldGen: 34303K->34303K(34304K)] 39423K->39423K(43520K), [Metaspace: 3571K->3571K(1056768K)], 0.0430044 secs] [Times: user=0.31 sys=0.00, real=0.04 secs] 
2019-09-17T08:51:22.177-0530: 58.349: [Full GC (Allocation Failure) [PSYoungGen: 5120K->5120K(9216K)] [ParOldGen: 34303K->34303K(34304K)] 39423K->39423K(43520K), [Metaspace: 3571K->3571K(1056768K)], 0.0445289 secs] [Times: user=0.31 sys=0.00, real=0.05 secs] 
2019-09-17T08:51:22.222-0530: 58.394: [Full GC (Ergonomics) [PSYoungGen: 5120K->5120K(9216K)] [ParOldGen: 34303K->34303K(34304K)] 39423K->39423K(43520K), [Metaspace: 3571K->3571K(1056768K)], 0.0435200 secs] [Times: user=0.29 sys=0.00, real=0.04 secs] 
2019-09-17T08:51:22.265-0530: 58.438: [Full GC (Allocation Failure) [PSYoungGen: 5120K->5120K(9216K)] [ParOldGen: 34303K->34303K(34304K)] 39423K->39423K(43520K), [Metaspace: 3571K->3571K(1056768K)], 0.0433142 secs] [Times: user=0.31 sys=0.00, real=0.04 secs] 
2019-09-17T08:51:22.309-0530: 58.481: [Full GC (Ergonomics) [PSYoungGen: 5120K->5120K(9216K)] [ParOldGen: 34303K->34303K(34304K)] 39423K->39423K(43520K), [Metaspace: 3571K->3571K(1056768K)], 0.0434653 secs] [Times: user=0.32 sys=0.01, real=0.05 secs] 
2019-09-17T08:51:22.353-0530: 58.525: [Full GC (Allocation Failure) [PSYoungGen: 5120K->5120K(9216K)] [ParOldGen: 34303K->34303K(34304K)] 39423K->39423K(43520K), [Metaspace: 3571K->3571K(1056768K)], 0.0433953 secs] [Times: user=0.31 sys=0.00, real=0.04 secs] 
2019-09-17T08:51:22.396-0530: 58.569: [Full GC (Ergonomics) [PSYoungGen: 5120K->5120K(9216K)] [ParOldGen: 34303K->34303K(34304K)] 39423K->39423K(43520K), [Metaspace: 3571K->3571K(1056768K)], 0.0438631 secs] [Times: user=0.32 sys=0.00, real=0.05 secs] 
2019-09-17T08:51:22.440-0530: 58.613: [Full GC (Ergonomics) [PSYoungGen: 5120K->5120K(9216K)] [ParOldGen: 34303K->34303K(34304K)] 39423K->39423K(43520K), [Metaspace: 3571K->3571K(1056768K)], 0.0666274 secs] [Times: user=0.48 sys=0.00, real=0.06 secs] 
2019-09-17T08:51:22.507-0530: 58.680: [Full GC (Ergonomics) [PSYoungGen: 5120K->5120K(9216K)] [ParOldGen: 34304K->34303K(34304K)] 39424K->39423K(43520K), [Metaspace: 3571K->3571K(1056768K)], 0.0443826 secs] [Times: user=0.32 sys=0.00, real=0.05 secs] 
2019-09-17T08:51:22.552-0530: 58.724: [Full GC (Ergonomics) [PSYoungGen: 5120K->5120K(9216K)] [ParOldGen: 34303K->34303K(34304K)] 39423K->39423K(43520K), [Metaspace: 3571K->3571K(1056768K)], 0.0441698 secs] [Times: user=0.31 sys=0.01, real=0.04 secs] 
2019-09-17T08:51:22.597-0530: 58.769: [Full GC (Ergonomics) [PSYoungGen: 5120K->5120K(9216K)] [ParOldGen: 34303K->34302K(34304K)] 39423K->39422K(43520K), [Metaspace: 3571K->3571K(1056768K)], 0.0640765 secs] [Times: user=0.41 sys=0.00, real=0.07 secs] 
2019-09-17T08:51:22.661-0530: 58.833: [Full GC (Ergonomics) [PSYoungGen: 5120K->5120K(9216K)] [ParOldGen: 34302K->34302K(34304K)] 39422K->39422K(43520K), [Metaspace: 3571K->3571K(1056768K)], 0.0437968 secs] [Times: user=0.30 sys=0.00, real=0.04 secs] 
2019-09-17T08:51:22.705-0530: 58.877: [Full GC (Ergonomics) [PSYoungGen: 5120K->5120K(9216K)] [ParOldGen: 34303K->34302K(34304K)] 39423K->39422K(43520K), [Metaspace: 3571K->3571K(1056768K)], 0.0430864 secs] [Times: user=0.30 sys=0.00, real=0.04 secs] 
2019-09-17T08:51:22.748-0530: 58.921: [Full GC (Ergonomics) [PSYoungGen: 5120K->5120K(9216K)] [ParOldGen: 34303K->34303K(34304K)] 39423K->39423K(43520K), [Metaspace: 3571K->3571K(1056768K)], 0.0446542 secs] [Times: user=0.31 sys=0.00, real=0.05 secs] 
2019-09-17T08:51:22.793-0530: 58.966: [Full GC (Ergonomics) [PSYoungGen: 5120K->5120K(9216K)] [ParOldGen: 34303K->34303K(34304K)] 39423K->39423K(43520K), [Metaspace: 3571K->3571K(1056768K)], 0.0437781 secs] [Times: user=0.30 sys=0.01, real=0.04 secs] 
2019-09-17T08:51:22.837-0530: 59.010: [Full GC (Ergonomics) [PSYoungGen: 5120K->5120K(9216K)] [ParOldGen: 34303K->34303K(34304K)] 39423K->39423K(43520K), [Metaspace: 3571K->3571K(1056768K)], 0.0683209 secs] [Times: user=0.49 sys=0.00, real=0.07 secs] 
2019-09-17T08:51:22.906-0530: 59.078: [Full GC (Ergonomics) [PSYoungGen: 5120K->5120K(9216K)] [ParOldGen: 34304K->34303K(34304K)] 39424K->39423K(43520K), [Metaspace: 3571K->3571K(1056768K)], 0.0444252 secs] [Times: user=0.32 sys=0.00, real=0.05 secs] 
2019-09-17T08:51:22.951-0530: 59.123: [Full GC (Ergonomics) [PSYoungGen: 5120K->5120K(9216K)] [ParOldGen: 34303K->34303K(34304K)] 39423K->39423K(43520K), [Metaspace: 3571K->3571K(1056768K)], 0.0441405 secs] [Times: user=0.31 sys=0.00, real=0.04 secs] 
2019-09-17T08:51:22.995-0530: 59.167: [Full GC (Ergonomics) [PSYoungGen: 5120K->5120K(9216K)] [ParOldGen: 34303K->34303K(34304K)] 39423K->39423K(43520K), [Metaspace: 3571K->3571K(1056768K)], 0.0444061 secs] [Times: user=0.30 sys=0.00, real=0.04 secs] 
2019-09-17T08:51:23.040-0530: 59.212: [Full GC (Ergonomics) [PSYoungGen: 5120K->5120K(9216K)] [ParOldGen: 34303K->34303K(34304K)] 39423K->39423K(43520K), [Metaspace: 3571K->3571K(1056768K)], 0.0444722 secs] [Times: user=0.31 sys=0.01, real=0.04 secs] 
2019-09-17T08:51:23.084-0530: 59.257: [Full GC (Ergonomics) [PSYoungGen: 5120K->5120K(9216K)] [ParOldGen: 34303K->34303K(34304K)] 39423K->39423K(43520K), [Metaspace: 3571K->3571K(1056768K)], 0.0445672 secs] [Times: user=0.29 sys=0.00, real=0.04 secs] 
2019-09-17T08:51:23.129-0530: 59.302: [Full GC (Ergonomics) [PSYoungGen: 5120K->5120K(9216K)] [ParOldGen: 34303K->34302K(34304K)] 39423K->39422K(43520K), [Metaspace: 3571K->3571K(1056768K)], 0.0712577 secs] [Times: user=0.34 sys=0.00, real=0.08 secs] 
2019-09-17T08:51:23.201-0530: 59.373: [Full GC (Ergonomics) [PSYoungGen: 5120K->5120K(9216K)] [ParOldGen: 34303K->34301K(34304K)] 39423K->39421K(43520K), [Metaspace: 3571K->3571K(1056768K)], 0.0719217 secs] [Times: user=0.38 sys=0.00, real=0.07 secs] 
2019-09-17T08:51:23.273-0530: 59.445: [Full GC (Ergonomics) [PSYoungGen: 5120K->5120K(9216K)] [ParOldGen: 34303K->34302K(34304K)] 39423K->39422K(43520K), [Metaspace: 3571K->3571K(1056768K)], 0.0472967 secs] [Times: user=0.27 sys=0.00, real=0.05 secs] 
2019-09-17T08:51:23.321-0530: 59.493: [Full GC (Ergonomics) [PSYoungGen: 5120K->5120K(9216K)] [ParOldGen: 34303K->34302K(34304K)] 39423K->39422K(43520K), [Metaspace: 3571K->3571K(1056768K)], 0.0436087 secs] [Times: user=0.25 sys=0.00, real=0.04 secs] 
2019-09-17T08:51:23.365-0530: 59.537: [Full GC (Ergonomics) [PSYoungGen: 5120K->5120K(9216K)] [ParOldGen: 34303K->34302K(34304K)] 39423K->39422K(43520K), [Metaspace: 3571K->3571K(1056768K)], 0.0449557 secs] [Times: user=0.26 sys=0.00, real=0.05 secs] 
2019-09-17T08:51:23.410-0530: 59.582: [Full GC (Ergonomics) [PSYoungGen: 5120K->5120K(9216K)] [ParOldGen: 34303K->34302K(34304K)] 39423K->39422K(43520K), [Metaspace: 3571K->3571K(1056768K)], 0.0678751 secs] [Times: user=0.44 sys=0.00, real=0.06 secs] 
2019-09-17T08:51:23.478-0530: 59.650: [Full GC (Ergonomics) [PSYoungGen: 5120K->5120K(9216K)] [ParOldGen: 34303K->34303K(34304K)] 39423K->39423K(43520K), [Metaspace: 3571K->3571K(1056768K)], 0.0681825 secs] [Times: user=0.38 sys=0.01, real=0.07 secs] 
2019-09-17T08:51:23.546-0530: 59.719: [Full GC (Ergonomics) [PSYoungGen: 5120K->5120K(9216K)] [ParOldGen: 34303K->34303K(34304K)] 39423K->39423K(43520K), [Metaspace: 3571K->3571K(1056768K)], 0.0441872 secs] [Times: user=0.31 sys=0.00, real=0.05 secs] 
2019-09-17T08:51:23.591-0530: 59.763: [Full GC (Ergonomics) [PSYoungGen: 5120K->5120K(9216K)] [ParOldGen: 34303K->34303K(34304K)] 39423K->39423K(43520K), [Metaspace: 3571K->3571K(1056768K)], 0.0597414 secs] [Times: user=0.29 sys=0.00, real=0.06 secs] 
2019-09-17T08:51:23.651-0530: 59.823: [Full GC (Allocation Failure) [PSYoungGen: 5120K->5120K(9216K)] [ParOldGen: 34303K->34303K(34304K)] 39423K->39423K(43520K), [Metaspace: 3571K->3571K(1056768K)], 0.0468816 secs] [Times: user=0.25 sys=0.00, real=0.04 secs] 
2019-09-17T08:51:23.698-0530: 59.870: [Full GC (Ergonomics) [PSYoungGen: 5120K->5120K(9216K)] [ParOldGen: 34303K->34303K(34304K)] 39423K->39423K(43520K), [Metaspace: 3571K->3571K(1056768K)], 0.0437022 secs] [Times: user=0.31 sys=0.01, real=0.05 secs] 
2019-09-17T08:51:23.742-0530: 59.914: [Full GC (Ergonomics) [PSYoungGen: 5120K->5120K(9216K)] [ParOldGen: 34303K->34303K(34304K)] 39423K->39423K(43520K), [Metaspace: 3571K->3571K(1056768K)], 0.0435125 secs] [Times: user=0.29 sys=0.00, real=0.04 secs] 
2019-09-17T08:51:23.785-0530: 59.958: [Full GC (Allocation Failure) [PSYoungGen: 5120K->5120K(9216K)] [ParOldGen: 34303K->34303K(34304K)] 39423K->39423K(43520K), [Metaspace: 3571K->3571K(1056768K)], 0.0455260 secs] [Times: user=0.30 sys=0.00, real=0.05 secs] 
2019-09-17T08:51:23.831-0530: 60.003: [Full GC (Ergonomics) [PSYoungGen: 5120K->5120K(9216K)] [ParOldGen: 34303K->34301K(34304K)] 39423K->39421K(43520K), [Metaspace: 3571K->3571K(1056768K)], 0.0442475 secs] [Times: user=0.30 sys=0.00, real=0.04 secs] 
2019-09-17T08:51:23.876-0530: 60.048: [Full GC (Ergonomics) [PSYoungGen: 5120K->5120K(9216K)] [ParOldGen: 34303K->34301K(34304K)] 39423K->39421K(43520K), [Metaspace: 3571K->3571K(1056768K)], 0.0439254 secs] [Times: user=0.31 sys=0.00, real=0.05 secs] 
2019-09-17T08:51:23.920-0530: 60.092: [Full GC (Ergonomics) [PSYoungGen: 5120K->5120K(9216K)] [ParOldGen: 34303K->34300K(34304K)] 39423K->39420K(43520K), [Metaspace: 3571K->3571K(1056768K)], 0.0650419 secs] [Times: user=0.43 sys=0.01, real=0.06 secs] 
2019-09-17T08:51:23.986-0530: 60.158: [Full GC (Ergonomics) [PSYoungGen: 5120K->5120K(9216K)] [ParOldGen: 34301K->34301K(34304K)] 39421K->39421K(43520K), [Metaspace: 3571K->3571K(1056768K)], 0.0430477 secs] [Times: user=0.31 sys=0.00, real=0.04 secs] 
2019-09-17T08:51:24.029-0530: 60.201: [Full GC (Ergonomics) [PSYoungGen: 5120K->5120K(9216K)] [ParOldGen: 34303K->34301K(34304K)] 39423K->39421K(43520K), [Metaspace: 3571K->3571K(1056768K)], 0.0452026 secs] [Times: user=0.30 sys=0.00, real=0.05 secs] 
2019-09-17T08:51:24.074-0530: 60.247: [Full GC (Ergonomics) [PSYoungGen: 5120K->5120K(9216K)] [ParOldGen: 34302K->34301K(34304K)] 39422K->39421K(43520K), [Metaspace: 3571K->3571K(1056768K)], 0.0436682 secs] [Times: user=0.31 sys=0.00, real=0.04 secs] 
2019-09-17T08:51:24.119-0530: 60.291: [Full GC (Ergonomics) [PSYoungGen: 5120K->5120K(9216K)] [ParOldGen: 34303K->34302K(34304K)] 39423K->39422K(43520K), [Metaspace: 3571K->3571K(1056768K)], 0.0455514 secs] [Times: user=0.29 sys=0.00, real=0.05 secs] 
2019-09-17T08:51:24.164-0530: 60.337: [Full GC (Ergonomics) [PSYoungGen: 5120K->5120K(9216K)] [ParOldGen: 34302K->34302K(34304K)] 39422K->39422K(43520K), [Metaspace: 3571K->3571K(1056768K)], 0.0442604 secs] [Times: user=0.30 sys=0.00, real=0.04 secs] 
2019-09-17T08:51:24.209-0530: 60.381: [Full GC (Ergonomics) [PSYoungGen: 5120K->5120K(9216K)] [ParOldGen: 34303K->34302K(34304K)] 39423K->39422K(43520K), [Metaspace: 3571K->3571K(1056768K)], 0.0450814 secs] [Times: user=0.29 sys=0.00, real=0.05 secs] 
2019-09-17T08:51:24.254-0530: 60.427: [Full GC (Ergonomics) [PSYoungGen: 5120K->5120K(9216K)] [ParOldGen: 34303K->34302K(34304K)] 39423K->39422K(43520K), [Metaspace: 3571K->3571K(1056768K)], 0.0475484 secs] [Times: user=0.27 sys=0.00, real=0.05 secs] 
2019-09-17T08:51:24.302-0530: 60.474: [Full GC (Ergonomics) [PSYoungGen: 5120K->5120K(9216K)] [ParOldGen: 34303K->34302K(34304K)] 39423K->39422K(43520K), [Metaspace: 3571K->3571K(1056768K)], 0.0445447 secs] [Times: user=0.28 sys=0.00, real=0.04 secs] 
2019-09-17T08:51:24.347-0530: 60.519: [Full GC (Ergonomics) [PSYoungGen: 5120K->5120K(9216K)] [ParOldGen: 34303K->34302K(34304K)] 39423K->39422K(43520K), [Metaspace: 3571K->3571K(1056768K)], 0.0444591 secs] [Times: user=0.31 sys=0.00, real=0.05 secs] 
2019-09-17T08:51:24.392-0530: 60.564: [Full GC (Ergonomics) [PSYoungGen: 5120K->5120K(9216K)] [ParOldGen: 34303K->34303K(34304K)] 39423K->39423K(43520K), [Metaspace: 3571K->3571K(1056768K)], 0.0459525 secs] [Times: user=0.31 sys=0.00, real=0.04 secs] 
2019-09-17T08:51:24.438-0530: 60.610: [Full GC (Ergonomics) [PSYoungGen: 5120K->5120K(9216K)] [ParOldGen: 34303K->34303K(34304K)] 39423K->39423K(43520K), [Metaspace: 3571K->3571K(1056768K)], 0.0477970 secs] [Times: user=0.28 sys=0.00, real=0.05 secs] 
2019-09-17T08:51:24.486-0530: 60.658: [Full GC (Ergonomics) [PSYoungGen: 5120K->5120K(9216K)] [ParOldGen: 34303K->34303K(34304K)] 39423K->39423K(43520K), [Metaspace: 3571K->3571K(1056768K)], 0.0468732 secs] [Times: user=0.28 sys=0.01, real=0.05 secs] 
2019-09-17T08:51:24.533-0530: 60.705: [Full GC (Ergonomics) [PSYoungGen: 5120K->5120K(9216K)] [ParOldGen: 34303K->34303K(34304K)] 39423K->39423K(43520K), [Metaspace: 3571K->3571K(1056768K)], 0.0442449 secs] [Times: user=0.28 sys=0.00, real=0.04 secs] 
2019-09-17T08:51:24.578-0530: 60.750: [Full GC (Ergonomics) [PSYoungGen: 5120K->5120K(9216K)] [ParOldGen: 34303K->34303K(34304K)] 39423K->39423K(43520K), [Metaspace: 3571K->3571K(1056768K)], 0.0466669 secs] [Times: user=0.26 sys=0.00, real=0.05 secs] 
2019-09-17T08:51:24.624-0530: 60.797: [Full GC (Ergonomics) [PSYoungGen: 5120K->5120K(9216K)] [ParOldGen: 34303K->34303K(34304K)] 39423K->39423K(43520K), [Metaspace: 3571K->3571K(1056768K)], 0.0442961 secs] [Times: user=0.28 sys=0.00, real=0.04 secs] 
2019-09-17T08:51:24.669-0530: 60.841: [Full GC (Ergonomics) [PSYoungGen: 5120K->5120K(9216K)] [ParOldGen: 34303K->34303K(34304K)] 39423K->39423K(43520K), [Metaspace: 3571K->3571K(1056768K)], 0.0433480 secs] [Times: user=0.26 sys=0.00, real=0.05 secs] 
2019-09-17T08:51:24.712-0530: 60.885: [Full GC (Ergonomics) [PSYoungGen: 5120K->5120K(9216K)] [ParOldGen: 34303K->34303K(34304K)] 39423K->39423K(43520K), [Metaspace: 3571K->3571K(1056768K)], 0.0455137 secs] [Times: user=0.29 sys=0.00, real=0.04 secs] 
2019-09-17T08:51:24.758-0530: 60.931: [Full GC (Ergonomics) [PSYoungGen: 5120K->5120K(9216K)] [ParOldGen: 34303K->34303K(34304K)] 39423K->39423K(43520K), [Metaspace: 3571K->3571K(1056768K)], 0.0469546 secs] [Times: user=0.27 sys=0.01, real=0.09 secs] 
2019-09-17T08:51:24.840-0530: 61.012: [Full GC (Ergonomics) [PSYoungGen: 5120K->5120K(9216K)] [ParOldGen: 34303K->34303K(34304K)] 39423K->39423K(43520K), [Metaspace: 3571K->3571K(1056768K)], 0.0524033 secs] [Times: user=0.27 sys=0.00, real=0.05 secs] 
2019-09-17T08:51:24.892-0530: 61.065: [Full GC (Ergonomics) [PSYoungGen: 5120K->5120K(9216K)] [ParOldGen: 34303K->34303K(34304K)] 39423K->39423K(43520K), [Metaspace: 3571K->3571K(1056768K)], 0.0630420 secs] [Times: user=0.27 sys=0.00, real=0.07 secs] 
2019-09-17T08:51:24.969-0530: 61.141: [Full GC (Ergonomics) [PSYoungGen: 5120K->5120K(9216K)] [ParOldGen: 34303K->34303K(34304K)] 39423K->39423K(43520K), [Metaspace: 3571K->3571K(1056768K)], 0.0532480 secs] [Times: user=0.23 sys=0.00, real=0.07 secs] 
2019-09-17T08:51:25.030-0530: 61.203: [Full GC (Ergonomics) [PSYoungGen: 5120K->5120K(9216K)] [ParOldGen: 34303K->34303K(34304K)] 39423K->39423K(43520K), [Metaspace: 3571K->3571K(1056768K)], 0.0492682 secs] [Times: user=0.26 sys=0.01, real=0.05 secs] 
2019-09-17T08:51:25.093-0530: 61.266: [Full GC (Ergonomics) [PSYoungGen: 5120K->5120K(9216K)] [ParOldGen: 34303K->34303K(34304K)] 39423K->39423K(43520K), [Metaspace: 3571K->3571K(1056768K)], 0.0441184 secs] [Times: user=0.29 sys=0.00, real=0.04 secs] 
2019-09-17T08:51:25.138-0530: 61.311: [Full GC (Ergonomics) [PSYoungGen: 5120K->5120K(9216K)] [ParOldGen: 34303K->34303K(34304K)] 39423K->39423K(43520K), [Metaspace: 3571K->3571K(1056768K)], 0.0445087 secs] [Times: user=0.28 sys=0.00, real=0.05 secs] 
2019-09-17T08:51:25.183-0530: 61.355: [Full GC (Ergonomics) [PSYoungGen: 5120K->5120K(9216K)] [ParOldGen: 34303K->34303K(34304K)] 39423K->39423K(43520K), [Metaspace: 3571K->3571K(1056768K)], 0.0440731 secs] [Times: user=0.29 sys=0.00, real=0.05 secs] 
2019-09-17T08:51:25.230-0530: 61.403: [Full GC (Ergonomics) [PSYoungGen: 5120K->5120K(9216K)] [ParOldGen: 34303K->34303K(34304K)] 39423K->39423K(43520K), [Metaspace: 3571K->3571K(1056768K)], 0.0456327 secs] [Times: user=0.27 sys=0.00, real=0.05 secs] 
2019-09-17T08:51:25.293-0530: 61.466: [Full GC (Allocation Failure) [PSYoungGen: 5120K->5120K(9216K)] [ParOldGen: 34303K->34303K(34304K)] 39423K->39423K(43520K), [Metaspace: 3571K->3571K(1056768K)], 0.0456805 secs] [Times: user=0.28 sys=0.00, real=0.05 secs] 
2019-09-17T08:51:25.342-0530: 61.514: [Full GC (Ergonomics) [PSYoungGen: 5120K->5120K(9216K)] [ParOldGen: 34303K->34303K(34304K)] 39423K->39423K(43520K), [Metaspace: 3571K->3571K(1056768K)], 0.0442361 secs] [Times: user=0.28 sys=0.01, real=0.05 secs] 
2019-09-17T08:51:25.401-0530: 61.573: [Full GC (Ergonomics) [PSYoungGen: 5120K->5120K(9216K)] [ParOldGen: 34303K->34303K(34304K)] 39423K->39423K(43520K), [Metaspace: 3571K->3571K(1056768K)], 0.0453461 secs] [Times: user=0.29 sys=0.00, real=0.05 secs] 
2019-09-17T08:51:25.456-0530: 61.628: [Full GC (Ergonomics) [PSYoungGen: 5120K->5120K(9216K)] [ParOldGen: 34304K->34303K(34304K)] 39424K->39423K(43520K), [Metaspace: 3571K->3571K(1056768K)], 0.0460353 secs] [Times: user=0.29 sys=0.00, real=0.06 secs] 
2019-09-17T08:51:25.524-0530: 61.696: [Full GC (Ergonomics) [PSYoungGen: 5120K->5120K(9216K)] [ParOldGen: 34303K->34303K(34304K)] 39423K->39423K(43520K), [Metaspace: 3571K->3571K(1056768K)], 0.0455574 secs] [Times: user=0.30 sys=0.00, real=0.05 secs] 
2019-09-17T08:51:25.586-0530: 61.758: [Full GC (Ergonomics) [PSYoungGen: 5120K->5120K(9216K)] [ParOldGen: 34303K->34303K(34304K)] 39423K->39423K(43520K), [Metaspace: 3571K->3571K(1056768K)], 0.0466631 secs] [Times: user=0.31 sys=0.01, real=0.06 secs] 
2019-09-17T08:51:25.645-0530: 61.817: [Full GC (Allocation Failure) [PSYoungGen: 5120K->5120K(9216K)] [ParOldGen: 34303K->34303K(34304K)] 39423K->39423K(43520K), [Metaspace: 3571K->3571K(1056768K)], 0.0450236 secs] [Times: user=0.27 sys=0.00, real=0.05 secs] 
2019-09-17T08:51:25.690-0530: 61.862: [Full GC (Ergonomics) [PSYoungGen: 5120K->5120K(9216K)] [ParOldGen: 34303K->34303K(34304K)] 39423K->39423K(43520K), [Metaspace: 3571K->3571K(1056768K)], 0.0448959 secs] [Times: user=0.26 sys=0.00, real=0.05 secs] 
2019-09-17T08:51:25.741-0530: 61.914: [Full GC (Ergonomics) [PSYoungGen: 5120K->5120K(9216K)] [ParOldGen: 34303K->34303K(34304K)] 39423K->39423K(43520K), [Metaspace: 3571K->3571K(1056768K)], 0.0455852 secs] [Times: user=0.28 sys=0.00, real=0.05 secs] 
2019-09-17T08:51:25.805-0530: 61.977: [Full GC (Ergonomics) [PSYoungGen: 5120K->5120K(9216K)] [ParOldGen: 34303K->34303K(34304K)] 39423K->39423K(43520K), [Metaspace: 3571K->3571K(1056768K)], 0.0471496 secs] [Times: user=0.26 sys=0.00, real=0.05 secs] 
2019-09-17T08:51:25.856-0530: 62.028: [Full GC (Ergonomics) [PSYoungGen: 5120K->5120K(9216K)] [ParOldGen: 34303K->34303K(34304K)] 39423K->39423K(43520K), [Metaspace: 3571K->3571K(1056768K)], 0.0453198 secs] [Times: user=0.29 sys=0.01, real=0.06 secs] 
2019-09-17T08:51:25.910-0530: 62.083: [Full GC (Allocation Failure) [PSYoungGen: 5120K->5120K(9216K)] [ParOldGen: 34303K->34303K(34304K)] 39423K->39423K(43520K), [Metaspace: 3571K->3571K(1056768K)], 0.0454140 secs] [Times: user=0.29 sys=0.00, real=0.04 secs] 
2019-09-17T08:51:25.956-0530: 62.128: [Full GC (Ergonomics) [PSYoungGen: 5120K->5120K(9216K)] [ParOldGen: 34304K->34303K(34304K)] 39424K->39423K(43520K), [Metaspace: 3571K->3571K(1056768K)], 0.0442098 secs] [Times: user=0.30 sys=0.00, real=0.05 secs] 
2019-09-17T08:51:26.004-0530: 62.176: [Full GC (Ergonomics) [PSYoungGen: 5120K->5120K(9216K)] [ParOldGen: 34304K->34303K(34304K)] 39424K->39423K(43520K), [Metaspace: 3571K->3571K(1056768K)], 0.0439322 secs] [Times: user=0.31 sys=0.00, real=0.05 secs] 
2019-09-17T08:51:26.072-0530: 62.245: [Full GC (Ergonomics) [PSYoungGen: 5120K->5120K(9216K)] [ParOldGen: 34303K->34303K(34304K)] 39423K->39423K(43520K), [Metaspace: 3571K->3571K(1056768K)], 0.0461314 secs] [Times: user=0.32 sys=0.01, real=0.04 secs] 
2019-09-17T08:51:26.119-0530: 62.291: [Full GC (Ergonomics) [PSYoungGen: 5120K->5120K(9216K)] [ParOldGen: 34303K->34303K(34304K)] 39423K->39423K(43520K), [Metaspace: 3571K->3571K(1056768K)], 0.0448310 secs] [Times: user=0.31 sys=0.00, real=0.05 secs] 
2019-09-17T08:51:26.164-0530: 62.336: [Full GC (Ergonomics) [PSYoungGen: 5120K->5120K(9216K)] [ParOldGen: 34303K->34303K(34304K)] 39423K->39423K(43520K), [Metaspace: 3571K->3571K(1056768K)], 0.0443579 secs] [Times: user=0.30 sys=0.00, real=0.05 secs] 
2019-09-17T08:51:26.216-0530: 62.388: [Full GC (Allocation Failure) [PSYoungGen: 5120K->5120K(9216K)] [ParOldGen: 34303K->34303K(34304K)] 39423K->39423K(43520K), [Metaspace: 3571K->3571K(1056768K)], 0.0461415 secs] [Times: user=0.33 sys=0.00, real=0.05 secs] 
2019-09-17T08:51:26.262-0530: 62.435: [Full GC (Ergonomics) [PSYoungGen: 5120K->5120K(9216K)] [ParOldGen: 34303K->34303K(34304K)] 39423K->39423K(43520K), [Metaspace: 3571K->3571K(1056768K)], 0.0681563 secs] [Times: user=0.46 sys=0.01, real=0.08 secs] 
2019-09-17T08:51:26.352-0530: 62.525: [Full GC (Ergonomics) [PSYoungGen: 5120K->5120K(9216K)] [ParOldGen: 34303K->34303K(34304K)] 39423K->39423K(43520K), [Metaspace: 3571K->3571K(1056768K)], 0.0697671 secs] [Times: user=0.49 sys=0.00, real=0.07 secs] 
2019-09-17T08:55:28.727-0530: 304.907: [Full GC (Ergonomics) [PSYoungGen: 5120K->5120K(9216K)] [ParOldGen: 34303K->34302K(34304K)] 39423K->39422K(43520K), [Metaspace: 3573K->3573K(1056768K)], 0.0678605 secs] [Times: user=0.50 sys=0.01, real=0.07 secs] 
Heap
 PSYoungGen      total 9216K, used 5120K [0x00000007bef80000, 0x00000007bfd80000, 0x00000007c0000000)
  eden space 5120K, 100% used [0x00000007bef80000,0x00000007bf480000,0x00000007bf480000)
  from space 4096K, 0% used [0x00000007bf480000,0x00000007bf480000,0x00000007bf880000)
  to   space 4608K, 0% used [0x00000007bf900000,0x00000007bf900000,0x00000007bfd80000)
 ParOldGen       total 34304K, used 34303K [0x00000007bce00000, 0x00000007bef80000, 0x00000007bef80000)
  object space 34304K, 99% used [0x00000007bce00000,0x00000007bef7fec0,0x00000007bef80000)
 Metaspace       used 3579K, capacity 4506K, committed 4864K, reserved 1056768K
  class space    used 392K, capacity 394K, committed 512K, reserved 1048576K
